(llvm.hexagon.V6.vpackob.128B
 uint8x128
 (list
  (int16x64
   (llvm.hexagon.V6.vaslh.acc.128B
    int16x64
    (list
     (int16x64
      (llvm.hexagon.V6.vmpyihb.acc.128B
       int16x64
       (list
        (int16x64
         (llvm.hexagon.V6.vaslh.acc.128B
          int16x64
          (list
           (int16x64
            (llvm.hexagon.V6.vaddh.128B
             int16x64
             (list
              (int16x64
               (llvm.hexagon.V6.vread.128B
                int16x64
                (list (int32 t109.s-buf) (int32 0) (int32 0) (int32 0))))
              (int16x64
               (llvm.hexagon.V6.valignb.128B
                int16x64
                (list
                 (int16x64
                  (llvm.hexagon.V6.vread.128B
                   int16x64
                   (list (int32 t109.s-buf) (int32 0) (int32 0) (int32 0))))
                 (int16x64
                  (llvm.hexagon.V6.vread.128B
                   int16x64
                   (list (int32 t107-buf) (int32 0) (int32 0) (int32 0))))
                 (int32 120)))))))
           (int16x64
            (llvm.hexagon.V6.valignb.128B
             int16x64
             (list
              (int16x64
               (llvm.hexagon.V6.vread.128B
                int16x64
                (list (int32 t109.s-buf) (int32 0) (int32 0) (int32 0))))
              (int16x64
               (llvm.hexagon.V6.vread.128B
                int16x64
                (list (int32 t107-buf) (int32 0) (int32 0) (int32 0))))
              (int32 126))))
           (int32 0x02))))
        (int16x64
         (llvm.hexagon.V6.valignb.128B
          int16x64
          (list
           (int16x64
            (llvm.hexagon.V6.vread.128B
             int16x64
             (list (int32 t109.s-buf) (int32 0) (int32 0) (int32 0))))
           (int16x64
            (llvm.hexagon.V6.vread.128B
             int16x64
             (list (int32 t107-buf) (int32 0) (int32 0) (int32 0))))
           (int32 124))))
        (int32 0x06060606))))
     (int16x64
      (llvm.hexagon.V6.valignb.128B
       int16x64
       (list
        (int16x64
         (llvm.hexagon.V6.vread.128B
          int16x64
          (list (int32 t109.s-buf) (int32 0) (int32 0) (int32 0))))
        (int16x64
         (llvm.hexagon.V6.vread.128B
          int16x64
          (list (int32 t107-buf) (int32 0) (int32 0) (int32 0))))
        (int32 122))))
     (int32 0x02))))
  (int16x64
   (llvm.hexagon.V6.vaslh.acc.128B
    int16x64
    (list
     (int16x64
      (llvm.hexagon.V6.vmpyihb.acc.128B
       int16x64
       (list
        (int16x64
         (llvm.hexagon.V6.vaslh.acc.128B
          int16x64
          (list
           (int16x64
            (llvm.hexagon.V6.vaddh.128B
             int16x64
             (list
              (int16x64
               (llvm.hexagon.V6.vread.128B
                int16x64
                (list (int32 t107-buf) (int32 0) (int32 0) (int32 0))))
              (int16x64
               (llvm.hexagon.V6.valignb.128B
                int16x64
                (list
                 (int16x64
                  (llvm.hexagon.V6.vread.128B
                   int16x64
                   (list (int32 t107-buf) (int32 0) (int32 0) (int32 0))))
                 (int16x64
                  (llvm.hexagon.V6.vread.128B
                   int16x64
                   (list (int32 t108.s-buf) (int32 0) (int32 0) (int32 0))))
                 (int32 120)))))))
           (int16x64
            (llvm.hexagon.V6.valignb.128B
             int16x64
             (list
              (int16x64
               (llvm.hexagon.V6.vread.128B
                int16x64
                (list (int32 t107-buf) (int32 0) (int32 0) (int32 0))))
              (int16x64
               (llvm.hexagon.V6.vread.128B
                int16x64
                (list (int32 t108.s-buf) (int32 0) (int32 0) (int32 0))))
              (int32 126))))
           (int32 0x02))))
        (int16x64
         (llvm.hexagon.V6.valignb.128B
          int16x64
          (list
           (int16x64
            (llvm.hexagon.V6.vread.128B
             int16x64
             (list (int32 t107-buf) (int32 0) (int32 0) (int32 0))))
           (int16x64
            (llvm.hexagon.V6.vread.128B
             int16x64
             (list (int32 t108.s-buf) (int32 0) (int32 0) (int32 0))))
           (int32 124))))
        (int32 0x06060606))))
     (int16x64
      (llvm.hexagon.V6.valignb.128B
       int16x64
       (list
        (int16x64
         (llvm.hexagon.V6.vread.128B
          int16x64
          (list (int32 t107-buf) (int32 0) (int32 0) (int32 0))))
        (int16x64
         (llvm.hexagon.V6.vread.128B
          int16x64
          (list (int32 t108.s-buf) (int32 0) (int32 0) (int32 0))))
        (int32 122))))
     (int32 0x02))))))
