#(struct:maximum
  ...
  #(struct:minimum
    ...
    #(struct:build-vec
      ...
      #(struct:sca-add
        #(struct:sca-mul
          #(struct:int32_t bounded_input.s0.x.x)
          #(struct:int32_t (bv 16 32)))
        #(struct:int32_t (bv 4294967295 32)))
      #(struct:int32_t (bv 1 32))
      16)
    #(struct:broadcast
      ...
      #(struct:sca-add
        #(struct:int32_t input.extent.0)
        #(struct:int32_t (bv 4294967295 32)))))
  #(struct:broadcast ... #(struct:int32_t (bv 0 32))))
