(llvm.hexagon.V6.vsathub.128B
 uint8x128
 (list
  (int16x64
   (llvm.hexagon.V6.vaddhsat.128B
    int16x64
    (list
     (int16x64 (halide.ir.x64 int16x64 (list (int16 0x0080))))
     (int16x64
      (llvm.hexagon.V6.vasrwhrndsat.128B
       int16x64
       (list
        (int32x32
         (llvm.hexagon.V6.vmpyiowh.128B
          int32x32
          (list
           (int32x32
            (llvm.hexagon.V6.lvsplatw.128B
             int32x32
             (list
              (int32
               (int32x1
                int32
                (list
                 (int32
                  (halide.load.scalar
                   int32
                   (list (int32 inv_sqrt) (int32 0))))))))))
           (int16x64
            (llvm.hexagon.V6.hi.128B
             int16x64
             (list
              (int16x128
               (llvm.hexagon.V6.vsububh.128B
                int16x128
                (list
                 (uint8x128
                  (llvm.hexagon.V6.vread.128B
                   uint8x128
                   (list (int32 t142-buf) (int32 0) (int32 0) (int32 0))))
                 (uint8x128
                  (halide.ir.x128
                   uint8x128
                   (list (uint8 input_zero)))))))))))))
        (int32x32
         (llvm.hexagon.V6.vmpyiewuh.128B
          int32x32
          (list
           (int32x32
            (llvm.hexagon.V6.lvsplatw.128B
             int32x32
             (list
              (int32
               (int32x1
                int32
                (list
                 (int32
                  (halide.load.scalar
                   int32
                   (list (int32 inv_sqrt) (int32 0))))))))))
           (int16x64
            (llvm.hexagon.V6.hi.128B
             int16x64
             (list
              (int16x128
               (llvm.hexagon.V6.vsububh.128B
                int16x128
                (list
                 (uint8x128
                  (llvm.hexagon.V6.vread.128B
                   uint8x128
                   (list (int32 t142-buf) (int32 0) (int32 0) (int32 0))))
                 (uint8x128
                  (halide.ir.x128
                   uint8x128
                   (list (uint8 input_zero)))))))))))))
        (int32
         (int32x1
          int32
          (list (int8 (int8x1 int8 (list (int32 0x00000008)))))))))))))
  (int16x64
   (llvm.hexagon.V6.vaddhsat.128B
    int16x64
    (list
     (int16x64 (halide.ir.x64 int16x64 (list (int16 0x0080))))
     (int16x64
      (llvm.hexagon.V6.vasrwhrndsat.128B
       int16x64
       (list
        (int32x32
         (llvm.hexagon.V6.vmpyiowh.128B
          int32x32
          (list
           (int32x32
            (llvm.hexagon.V6.lvsplatw.128B
             int32x32
             (list
              (int32
               (int32x1
                int32
                (list
                 (int32
                  (halide.load.scalar
                   int32
                   (list (int32 inv_sqrt) (int32 0))))))))))
           (int16x64
            (llvm.hexagon.V6.lo.128B
             int16x64
             (list
              (int16x128
               (llvm.hexagon.V6.vsububh.128B
                int16x128
                (list
                 (uint8x128
                  (llvm.hexagon.V6.vread.128B
                   uint8x128
                   (list (int32 t142-buf) (int32 0) (int32 0) (int32 0))))
                 (uint8x128
                  (halide.ir.x128
                   uint8x128
                   (list (uint8 input_zero)))))))))))))
        (int32x32
         (llvm.hexagon.V6.vmpyiewuh.128B
          int32x32
          (list
           (int32x32
            (llvm.hexagon.V6.lvsplatw.128B
             int32x32
             (list
              (int32
               (int32x1
                int32
                (list
                 (int32
                  (halide.load.scalar
                   int32
                   (list (int32 inv_sqrt) (int32 0))))))))))
           (int16x64
            (llvm.hexagon.V6.lo.128B
             int16x64
             (list
              (int16x128
               (llvm.hexagon.V6.vsububh.128B
                int16x128
                (list
                 (uint8x128
                  (llvm.hexagon.V6.vread.128B
                   uint8x128
                   (list (int32 t142-buf) (int32 0) (int32 0) (int32 0))))
                 (uint8x128
                  (halide.ir.x128
                   uint8x128
                   (list (uint8 input_zero)))))))))))))
        (int32
         (int32x1
          int32
          (list (int8 (int8x1 int8 (list (int32 0x00000008)))))))))))))))
