(llvm.hexagon.V6.vsububh.128B
 int16x128
 (list
  (uint8x128
   (llvm.hexagon.V6.vshuffb.128B
    uint8x128
    (list
     (uint8x128
      (llvm.hexagon.V6.vread.128B
       uint8x128
       (list
        (int32 input)
        (int32
         (+
          (* sum_input_sq.s1.r8$x.r8$x 128)
          (*
           (- (+ output.min.1 output.s0.y.rebased) input.min.1)
           input.stride.1)))
        (int32 1)
        (int32 0)))))))
  (uint8x128 (halide.ir.x128 uint8x128 (list (uint8 input_zero))))))
