(llvm.hexagon.V6.vsathub.128B
 uint8x128
 (list
  (uint16x64
   (llvm.hexagon.V6.vaddh.128B
    uint16x64
    (list
     (uint16x64
      (llvm.hexagon.V6.vabsdiffuh.128B
       uint16x64
       (list
        (uint16x64
         (llvm.hexagon.V6.hi.128B
          uint16x64
          (list
           (uint16x128
            (llvm.hexagon.V6.vmpabuu.acc.128B
             int16x128
             (list
              (int16x128
               (llvm.hexagon.V6.vzb.128B
                uint16x128
                (list
                 (uint8x128
                  (llvm.hexagon.V6.valignbi.128B
                   uint8x128
                   (list
                    (uint8x128
                     (llvm.hexagon.V6.vread.128B
                      uint8x128
                      (list
                       (int32 t266.s.s-buf)
                       (int32 128)
                       (int32 0)
                       (int32 0))))
                    (uint8x128
                     (llvm.hexagon.V6.vread.128B
                      uint8x128
                      (list
                       (int32 t266.s.s-buf)
                       (int32 0)
                       (int32 0)
                       (int32 0))))
                    (int32 2)))))))
              (uint8x256
               (llvm.hexagon.V6.vcombine.128B
                uint8x256
                (list
                 (uint8x128
                  (llvm.hexagon.V6.valignbi.128B
                   uint8x128
                   (list
                    (uint8x128
                     (llvm.hexagon.V6.vread.128B
                      uint8x128
                      (list
                       (int32 t263.s.s-buf)
                       (int32 128)
                       (int32 0)
                       (int32 0))))
                    (uint8x128
                     (llvm.hexagon.V6.vread.128B
                      uint8x128
                      (list
                       (int32 t263.s.s-buf)
                       (int32 0)
                       (int32 0)
                       (int32 0))))
                    (int32 2))))
                 (uint8x128
                  (llvm.hexagon.V6.valignbi.128B
                   uint8x128
                   (list
                    (uint8x128
                     (llvm.hexagon.V6.vread.128B
                      uint8x128
                      (list
                       (int32 bounded_input)
                       (int32
                        (+
                         (* (+ (* (/ (+ t301 255) 128) 4) output.s0.x.x) 128)
                         128))
                       (int32 128)
                       (int32 0))))
                    (uint8x128
                     (llvm.hexagon.V6.vread.128B
                      uint8x128
                      (list (int32 t434-buf) (int32 0) (int32 0) (int32 0))))
                    (int32 2)))))))
              (int32 0x01020102)))))))
        (uint16x64
         (llvm.hexagon.V6.hi.128B
          uint16x64
          (list
           (uint16x128
            (llvm.hexagon.V6.vmpabus.acc.128B
             int16x128
             (list
              (int16x128
               (llvm.hexagon.V6.vzb.128B
                uint16x128
                (list
                 (uint8x128
                  (llvm.hexagon.V6.vread.128B
                   uint8x128
                   (list (int32 t262.s-buf) (int32 0) (int32 0) (int32 0)))))))
              (uint8x256
               (llvm.hexagon.V6.vcombine.128B
                uint8x256
                (list
                 (uint8x128
                  (llvm.hexagon.V6.vread.128B
                   uint8x128
                   (list (int32 t265.s-buf) (int32 0) (int32 0) (int32 0))))
                 (uint8x128
                  (llvm.hexagon.V6.vread.128B
                   uint8x128
                   (list (int32 t434-buf) (int32 0) (int32 0) (int32 0)))))))
              (int32 0x01020102))))))))))
     (uint16x64
      (llvm.hexagon.V6.vabsdiffuh.128B
       uint16x64
       (list
        (uint16x64
         (llvm.hexagon.V6.hi.128B
          uint16x64
          (list
           (uint16x128
            (llvm.hexagon.V6.vmpabus.acc.128B
             int16x128
             (list
              (int16x128
               (llvm.hexagon.V6.vzb.128B
                uint16x128
                (list
                 (uint8x128
                  (llvm.hexagon.V6.vread.128B
                   uint8x128
                   (list (int32 t262.s-buf) (int32 0) (int32 0) (int32 0)))))))
              (uint8x256
               (llvm.hexagon.V6.vcombine.128B
                uint8x256
                (list
                 (uint8x128
                  (llvm.hexagon.V6.valignbi.128B
                   uint8x128
                   (list
                    (uint8x128
                     (llvm.hexagon.V6.vread.128B
                      uint8x128
                      (list
                       (int32 t263.s.s-buf)
                       (int32 128)
                       (int32 0)
                       (int32 0))))
                    (uint8x128
                     (llvm.hexagon.V6.vread.128B
                      uint8x128
                      (list
                       (int32 t263.s.s-buf)
                       (int32 0)
                       (int32 0)
                       (int32 0))))
                    (int32 2))))
                 (uint8x128
                  (llvm.hexagon.V6.valignbi.128B
                   uint8x128
                   (list
                    (uint8x128
                     (llvm.hexagon.V6.vread.128B
                      uint8x128
                      (list (int32 c8) (int32 128) (int32 0) (int32 0))))
                    (uint8x128
                     (llvm.hexagon.V6.vread.128B
                      uint8x128
                      (list (int32 c8) (int32 0) (int32 0) (int32 0))))
                    (int32 1)))))))
              (int32 0x01020102)))))))
        (uint16x64
         (llvm.hexagon.V6.hi.128B
          uint16x64
          (list
           (uint16x128
            (llvm.hexagon.V6.vmpabus.acc.128B
             int16x128
             (list
              (int16x128
               (llvm.hexagon.V6.vzb.128B
                uint16x128
                (list
                 (uint8x128
                  (llvm.hexagon.V6.vread.128B
                   uint8x128
                   (list (int32 t265.s-buf) (int32 0) (int32 0) (int32 0)))))))
              (uint8x256
               (llvm.hexagon.V6.vcombine.128B
                uint8x256
                (list
                 (uint8x128
                  (llvm.hexagon.V6.valignbi.128B
                   uint8x128
                   (list
                    (uint8x128
                     (llvm.hexagon.V6.vread.128B
                      uint8x128
                      (list (int32 c9) (int32 128) (int32 0) (int32 0))))
                    (uint8x128
                     (llvm.hexagon.V6.vread.128B
                      uint8x128
                      (list (int32 c9) (int32 0) (int32 0) (int32 0))))
                    (int32 1))))
                 (uint8x128
                  (llvm.hexagon.V6.valignbi.128B
                   uint8x128
                   (list
                    (uint8x128
                     (llvm.hexagon.V6.vread.128B
                      uint8x128
                      (list
                       (int32 t266.s.s-buf)
                       (int32 128)
                       (int32 0)
                       (int32 0))))
                    (uint8x128
                     (llvm.hexagon.V6.vread.128B
                      uint8x128
                      (list
                       (int32 t266.s.s-buf)
                       (int32 0)
                       (int32 0)
                       (int32 0))))
                    (int32 2)))))))
              (int32 0x02010201)))))))))))))
  (uint16x64
   (llvm.hexagon.V6.vaddh.128B
    uint16x64
    (list
     (uint16x64
      (llvm.hexagon.V6.vabsdiffuh.128B
       uint16x64
       (list
        (uint16x64
         (llvm.hexagon.V6.lo.128B
          uint16x64
          (list
           (uint16x128
            (llvm.hexagon.V6.vmpabus.acc.128B
             int16x128
             (list
              (int16x128
               (llvm.hexagon.V6.vzb.128B
                uint16x128
                (list
                 (uint8x128
                  (llvm.hexagon.V6.vread.128B
                   uint8x128
                   (list (int32 t262.s-buf) (int32 0) (int32 0) (int32 0)))))))
              (uint8x256
               (llvm.hexagon.V6.vcombine.128B
                uint8x256
                (list
                 (uint8x128
                  (llvm.hexagon.V6.vread.128B
                   uint8x128
                   (list (int32 t265.s-buf) (int32 0) (int32 0) (int32 0))))
                 (uint8x128
                  (llvm.hexagon.V6.vread.128B
                   uint8x128
                   (list (int32 t434-buf) (int32 0) (int32 0) (int32 0)))))))
              (int32 0x01020102)))))))
        (uint16x64
         (llvm.hexagon.V6.lo.128B
          uint16x64
          (list
           (uint16x128
            (llvm.hexagon.V6.vmpabuu.acc.128B
             int16x128
             (list
              (int16x128
               (llvm.hexagon.V6.vzb.128B
                uint16x128
                (list
                 (uint8x128
                  (llvm.hexagon.V6.valignbi.128B
                   uint8x128
                   (list
                    (uint8x128
                     (llvm.hexagon.V6.vread.128B
                      uint8x128
                      (list
                       (int32 t266.s.s-buf)
                       (int32 128)
                       (int32 0)
                       (int32 0))))
                    (uint8x128
                     (llvm.hexagon.V6.vread.128B
                      uint8x128
                      (list
                       (int32 t266.s.s-buf)
                       (int32 0)
                       (int32 0)
                       (int32 0))))
                    (int32 2)))))))
              (uint8x256
               (llvm.hexagon.V6.vcombine.128B
                uint8x256
                (list
                 (uint8x128
                  (llvm.hexagon.V6.valignbi.128B
                   uint8x128
                   (list
                    (uint8x128
                     (llvm.hexagon.V6.vread.128B
                      uint8x128
                      (list
                       (int32 t263.s.s-buf)
                       (int32 128)
                       (int32 0)
                       (int32 0))))
                    (uint8x128
                     (llvm.hexagon.V6.vread.128B
                      uint8x128
                      (list
                       (int32 t263.s.s-buf)
                       (int32 0)
                       (int32 0)
                       (int32 0))))
                    (int32 2))))
                 (uint8x128
                  (llvm.hexagon.V6.valignbi.128B
                   uint8x128
                   (list
                    (uint8x128
                     (llvm.hexagon.V6.vread.128B
                      uint8x128
                      (list
                       (int32 bounded_input)
                       (int32
                        (+
                         (* (+ (* (/ (+ t301 255) 128) 4) output.s0.x.x) 128)
                         128))
                       (int32 128)
                       (int32 0))))
                    (uint8x128
                     (llvm.hexagon.V6.vread.128B
                      uint8x128
                      (list (int32 t434-buf) (int32 0) (int32 0) (int32 0))))
                    (int32 2)))))))
              (int32 0x01020102))))))))))
     (uint16x64
      (llvm.hexagon.V6.vabsdiffuh.128B
       uint16x64
       (list
        (uint16x64
         (llvm.hexagon.V6.lo.128B
          uint16x64
          (list
           (uint16x128
            (llvm.hexagon.V6.vmpabus.acc.128B
             int16x128
             (list
              (int16x128
               (llvm.hexagon.V6.vzb.128B
                uint16x128
                (list
                 (uint8x128
                  (llvm.hexagon.V6.vread.128B
                   uint8x128
                   (list (int32 t262.s-buf) (int32 0) (int32 0) (int32 0)))))))
              (uint8x256
               (llvm.hexagon.V6.vcombine.128B
                uint8x256
                (list
                 (uint8x128
                  (llvm.hexagon.V6.valignbi.128B
                   uint8x128
                   (list
                    (uint8x128
                     (llvm.hexagon.V6.vread.128B
                      uint8x128
                      (list
                       (int32 t263.s.s-buf)
                       (int32 128)
                       (int32 0)
                       (int32 0))))
                    (uint8x128
                     (llvm.hexagon.V6.vread.128B
                      uint8x128
                      (list
                       (int32 t263.s.s-buf)
                       (int32 0)
                       (int32 0)
                       (int32 0))))
                    (int32 2))))
                 (uint8x128
                  (llvm.hexagon.V6.valignbi.128B
                   uint8x128
                   (list
                    (uint8x128
                     (llvm.hexagon.V6.vread.128B
                      uint8x128
                      (list (int32 c8) (int32 128) (int32 0) (int32 0))))
                    (uint8x128
                     (llvm.hexagon.V6.vread.128B
                      uint8x128
                      (list (int32 c8) (int32 0) (int32 0) (int32 0))))
                    (int32 1)))))))
              (int32 0x01020102)))))))
        (uint16x64
         (llvm.hexagon.V6.lo.128B
          uint16x64
          (list
           (uint16x128
            (llvm.hexagon.V6.vmpabus.acc.128B
             int16x128
             (list
              (int16x128
               (llvm.hexagon.V6.vzb.128B
                uint16x128
                (list
                 (uint8x128
                  (llvm.hexagon.V6.vread.128B
                   uint8x128
                   (list (int32 t265.s-buf) (int32 0) (int32 0) (int32 0)))))))
              (uint8x256
               (llvm.hexagon.V6.vcombine.128B
                uint8x256
                (list
                 (uint8x128
                  (llvm.hexagon.V6.valignbi.128B
                   uint8x128
                   (list
                    (uint8x128
                     (llvm.hexagon.V6.vread.128B
                      uint8x128
                      (list (int32 c9) (int32 128) (int32 0) (int32 0))))
                    (uint8x128
                     (llvm.hexagon.V6.vread.128B
                      uint8x128
                      (list (int32 c9) (int32 0) (int32 0) (int32 0))))
                    (int32 1))))
                 (uint8x128
                  (llvm.hexagon.V6.valignbi.128B
                   uint8x128
                   (list
                    (uint8x128
                     (llvm.hexagon.V6.vread.128B
                      uint8x128
                      (list
                       (int32 t266.s.s-buf)
                       (int32 128)
                       (int32 0)
                       (int32 0))))
                    (uint8x128
                     (llvm.hexagon.V6.vread.128B
                      uint8x128
                      (list
                       (int32 t266.s.s-buf)
                       (int32 0)
                       (int32 0)
                       (int32 0))))
                    (int32 2)))))))
              (int32 0x02010201)))))))))))))))
