(llvm.hexagon.V6.vmaxub.128B
 uint8x128
 (list
  (uint8x128
   (llvm.hexagon.V6.vread.128B
    uint8x128
    (list (int32 bounded_input) (int32 (+ t208 129)) (int32 1) (int32 0))))
  (uint8x128
   (llvm.hexagon.V6.vmaxub.128B
    uint8x128
    (list
     (uint8x128
      (llvm.hexagon.V6.vread.128B
       uint8x128
       (list
        (int32 bounded_input)
        (int32 (+ (+ (* output.s0.x.x 128) t246) 129))
        (int32 1)
        (int32 0))))
     (uint8x128
      (llvm.hexagon.V6.vmaxub.128B
       uint8x128
       (list
        (uint8x128
         (llvm.hexagon.V6.vread.128B
          uint8x128
          (list
           (int32 bounded_input)
           (int32 (+ t209 129))
           (int32 1)
           (int32 0))))
        (uint8x128
         (llvm.hexagon.V6.vmaxub.128B
          uint8x128
          (list
           (uint8x128
            (llvm.hexagon.V6.vread.128B
             uint8x128
             (list
              (int32 bounded_input)
              (int32 (+ t209 130))
              (int32 1)
              (int32 0))))
           (uint8x128
            (llvm.hexagon.V6.vmaxub.128B
             uint8x128
             (list
              (uint8x128
               (llvm.hexagon.V6.vread.128B
                uint8x128
                (list
                 (int32 bounded_input)
                 (int32 (+ (+ (* output.s0.x.x 128) t246) 130))
                 (int32 1)
                 (int32 0))))
              (uint8x128
               (llvm.hexagon.V6.vmaxub.128B
                uint8x128
                (list
                 (uint8x128
                  (llvm.hexagon.V6.vread.128B
                   uint8x128
                   (list
                    (int32 bounded_input)
                    (int32 (+ t208 130))
                    (int32 1)
                    (int32 0))))
                 (uint8x128
                  (llvm.hexagon.V6.vmaxub.128B
                   uint8x128
                   (list
                    (uint8x128
                     (llvm.hexagon.V6.vread.128B
                      uint8x128
                      (list
                       (int32 bounded_input)
                       (int32 (+ t209 128))
                       (int32 1)
                       (int32 0))))
                    (uint8x128
                     (llvm.hexagon.V6.vmaxub.128B
                      uint8x128
                      (list
                       (uint8x128
                        (llvm.hexagon.V6.vread.128B
                         uint8x128
                         (list
                          (int32 bounded_input)
                          (int32 (+ (+ (* output.s0.x.x 128) t246) 128))
                          (int32 1)
                          (int32 0))))
                       (uint8x128
                        (llvm.hexagon.V6.vread.128B
                         uint8x128
                         (list
                          (int32 bounded_input)
                          (int32 (+ t208 128))
                          (int32 1)
                          (int32 0)))))))))))))))))))))))))))
