(halide.concat_vectors
 int16x128
 (list
  (int16x64
   #(struct:valign
     #(struct:vread
       #(struct:buffer deinterleaved int16)
       (+
        64
        (*
         64
         (+
          (*
           12
           (quotient
            (+
             130
             (ite
              (<= (+ 62 (* 128 t3006)) (* 64 t3007))
              (* 64 t3007)
              (+ 62 (* 128 t3006))))
            64))
          (+ t3071 (* 2 f7.s0.v0.fused.v0)))))
       #(struct:aligned 64 0))
     #(struct:lo
       #(struct:vreadp
         #(struct:buffer deinterleaved int16)
         (*
          64
          (+
           (*
            12
            (quotient
             (+
              130
              (ite
               (<= (+ 62 (* 128 t3006)) (* 64 t3007))
               (* 64 t3007)
               (+ 62 (* 128 t3006))))
             64))
           (+ t3071 (* 2 f7.s0.v0.fused.v0))))
         #(struct:aligned 64 0)))
     1))
  (int16x64
   #(struct:valign
     #(struct:vread
       #(struct:buffer deinterleaved int16)
       (+
        128
        (*
         64
         (+
          (*
           12
           (quotient
            (+
             130
             (ite
              (<= (+ 62 (* 128 t3006)) (* 64 t3007))
              (* 64 t3007)
              (+ 62 (* 128 t3006))))
            64))
          (+ t3071 (* 2 f7.s0.v0.fused.v0)))))
       #(struct:aligned 64 0))
     #(struct:hi
       #(struct:vreadp
         #(struct:buffer deinterleaved int16)
         (*
          64
          (+
           (*
            12
            (quotient
             (+
              130
              (ite
               (<= (+ 62 (* 128 t3006)) (* 64 t3007))
               (* 64 t3007)
               (+ 62 (* 128 t3006))))
             64))
           (+ t3071 (* 2 f7.s0.v0.fused.v0))))
         #(struct:aligned 64 0)))
     1))))
