(llvm.hexagon.V6.vmaxub.128B
 uint8x128
 (list
  (uint8x128
   (llvm.hexagon.V6.vminub.128B
    uint8x128
    (list
     (uint8x128 (halide.ir.x128 uint8x128 (list (uint8 output_max))))
     (uint8x128
      (llvm.hexagon.V6.vsathub.128B
       uint8x128
       (list
        (int16x64
         (llvm.hexagon.V6.vaddh.128B
          int16x64
          (list
           (int16x64
            (halide.ir.x64
             int16x64
             (list (int16 (int16x1 int16 (list (uint8 output_zero)))))))
           (int16x64
            (llvm.hexagon.V6.vroundwh.128B
             int16x64
             (list
              (int32x32
               (llvm.hexagon.V6.hi.128B
                int32x32
                (list
                 (int32x64
                  (llvm.hexagon.V6.vmpyhsat.acc.128B
                   int32x64
                   (list
                    (int32x64
                     (llvm.hexagon.V6.vmpyh.128B
                      int32x64
                      (list
                       (int16x64
                        (llvm.hexagon.V6.hi.128B
                         int16x64
                         (list
                          (int16x128
                           (llvm.hexagon.V6.vmpybus.acc.128B
                            int16x128
                            (list
                             (int16x128
                              (llvm.hexagon.V6.vcombine.128B
                               int16x128
                               (list
                                (int16x64
                                 (halide.ir.x64
                                  int16x64
                                  (list
                                   (int16
                                    (*
                                     (int16
                                      (int16x1
                                       int16
                                       (list (uint8 input1_zero))))
                                     (int16 0xffc0))))))
                                (int16x64
                                 (halide.ir.x64
                                  int16x64
                                  (list
                                   (int16
                                    (*
                                     (int16
                                      (int16x1
                                       int16
                                       (list (uint8 input1_zero))))
                                     (int16 0xffc0)))))))))
                             (uint8x128
                              (llvm.hexagon.V6.vread.128B
                               uint8x128
                               (list
                                (int32 input1)
                                (int32
                                 (+
                                  (* output.s0.x.x 128)
                                  (+
                                   (*
                                    (+ output.min.1 output.s0.y.rebased)
                                    input1.stride.1)
                                   (- t39.s input1.min.0))))
                                (int32 1)
                                (int32 0))))
                             (int32 0x40404040)))))))
                       (int32
                        (halide.hexagon.dup2.h
                         int32
                         (list (int16 input1_multiplier)))))))
                    (int16x64
                     (llvm.hexagon.V6.hi.128B
                      int16x64
                      (list
                       (int16x128
                        (llvm.hexagon.V6.vmpybus.acc.128B
                         int16x128
                         (list
                          (int16x128
                           (llvm.hexagon.V6.vcombine.128B
                            int16x128
                            (list
                             (int16x64
                              (halide.ir.x64
                               int16x64
                               (list
                                (int16
                                 (*
                                  (int16
                                   (int16x1 int16 (list (uint8 input2_zero))))
                                  (int16 0xffc0))))))
                             (int16x64
                              (halide.ir.x64
                               int16x64
                               (list
                                (int16
                                 (*
                                  (int16
                                   (int16x1 int16 (list (uint8 input2_zero))))
                                  (int16 0xffc0)))))))))
                          (uint8x128
                           (llvm.hexagon.V6.vread.128B
                            uint8x128
                            (list
                             (int32 input2)
                             (int32
                              (+
                               (* output.s0.x.x 128)
                               (+
                                (*
                                 (+ output.min.1 output.s0.y.rebased)
                                 input2.stride.1)
                                (- t40.s input2.min.0))))
                             (int32 1)
                             (int32 0))))
                          (int32 0x40404040)))))))
                    (int32
                     (halide.hexagon.dup2.h
                      int32
                      (list (int16 input2_multiplier))))))))))
              (int32x32
               (llvm.hexagon.V6.lo.128B
                int32x32
                (list
                 (int32x64
                  (llvm.hexagon.V6.vmpyhsat.acc.128B
                   int32x64
                   (list
                    (int32x64
                     (llvm.hexagon.V6.vmpyh.128B
                      int32x64
                      (list
                       (int16x64
                        (llvm.hexagon.V6.hi.128B
                         int16x64
                         (list
                          (int16x128
                           (llvm.hexagon.V6.vmpybus.acc.128B
                            int16x128
                            (list
                             (int16x128
                              (llvm.hexagon.V6.vcombine.128B
                               int16x128
                               (list
                                (int16x64
                                 (halide.ir.x64
                                  int16x64
                                  (list
                                   (int16
                                    (*
                                     (int16
                                      (int16x1
                                       int16
                                       (list (uint8 input1_zero))))
                                     (int16 0xffc0))))))
                                (int16x64
                                 (halide.ir.x64
                                  int16x64
                                  (list
                                   (int16
                                    (*
                                     (int16
                                      (int16x1
                                       int16
                                       (list (uint8 input1_zero))))
                                     (int16 0xffc0)))))))))
                             (uint8x128
                              (llvm.hexagon.V6.vread.128B
                               uint8x128
                               (list
                                (int32 input1)
                                (int32
                                 (+
                                  (* output.s0.x.x 128)
                                  (+
                                   (*
                                    (+ output.min.1 output.s0.y.rebased)
                                    input1.stride.1)
                                   (- t39.s input1.min.0))))
                                (int32 1)
                                (int32 0))))
                             (int32 0x40404040)))))))
                       (int32
                        (halide.hexagon.dup2.h
                         int32
                         (list (int16 input1_multiplier)))))))
                    (int16x64
                     (llvm.hexagon.V6.hi.128B
                      int16x64
                      (list
                       (int16x128
                        (llvm.hexagon.V6.vmpybus.acc.128B
                         int16x128
                         (list
                          (int16x128
                           (llvm.hexagon.V6.vcombine.128B
                            int16x128
                            (list
                             (int16x64
                              (halide.ir.x64
                               int16x64
                               (list
                                (int16
                                 (*
                                  (int16
                                   (int16x1 int16 (list (uint8 input2_zero))))
                                  (int16 0xffc0))))))
                             (int16x64
                              (halide.ir.x64
                               int16x64
                               (list
                                (int16
                                 (*
                                  (int16
                                   (int16x1 int16 (list (uint8 input2_zero))))
                                  (int16 0xffc0)))))))))
                          (uint8x128
                           (llvm.hexagon.V6.vread.128B
                            uint8x128
                            (list
                             (int32 input2)
                             (int32
                              (+
                               (* output.s0.x.x 128)
                               (+
                                (*
                                 (+ output.min.1 output.s0.y.rebased)
                                 input2.stride.1)
                                (- t40.s input2.min.0))))
                             (int32 1)
                             (int32 0))))
                          (int32 0x40404040)))))))
                    (int32
                     (halide.hexagon.dup2.h
                      int32
                      (list (int16 input2_multiplier))))))))))))))))
        (int16x64
         (llvm.hexagon.V6.vaddh.128B
          int16x64
          (list
           (int16x64
            (halide.ir.x64
             int16x64
             (list (int16 (int16x1 int16 (list (uint8 output_zero)))))))
           (int16x64
            (llvm.hexagon.V6.vroundwh.128B
             int16x64
             (list
              (int32x32
               (llvm.hexagon.V6.hi.128B
                int32x32
                (list
                 (int32x64
                  (llvm.hexagon.V6.vmpyhsat.acc.128B
                   int32x64
                   (list
                    (int32x64
                     (llvm.hexagon.V6.vmpyh.128B
                      int32x64
                      (list
                       (int16x64
                        (llvm.hexagon.V6.lo.128B
                         int16x64
                         (list
                          (int16x128
                           (llvm.hexagon.V6.vmpybus.acc.128B
                            int16x128
                            (list
                             (int16x128
                              (llvm.hexagon.V6.vcombine.128B
                               int16x128
                               (list
                                (int16x64
                                 (halide.ir.x64
                                  int16x64
                                  (list
                                   (int16
                                    (*
                                     (int16
                                      (int16x1
                                       int16
                                       (list (uint8 input1_zero))))
                                     (int16 0xffc0))))))
                                (int16x64
                                 (halide.ir.x64
                                  int16x64
                                  (list
                                   (int16
                                    (*
                                     (int16
                                      (int16x1
                                       int16
                                       (list (uint8 input1_zero))))
                                     (int16 0xffc0)))))))))
                             (uint8x128
                              (llvm.hexagon.V6.vread.128B
                               uint8x128
                               (list
                                (int32 input1)
                                (int32
                                 (+
                                  (* output.s0.x.x 128)
                                  (+
                                   (*
                                    (+ output.min.1 output.s0.y.rebased)
                                    input1.stride.1)
                                   (- t39.s input1.min.0))))
                                (int32 1)
                                (int32 0))))
                             (int32 0x40404040)))))))
                       (int32
                        (halide.hexagon.dup2.h
                         int32
                         (list (int16 input1_multiplier)))))))
                    (int16x64
                     (llvm.hexagon.V6.lo.128B
                      int16x64
                      (list
                       (int16x128
                        (llvm.hexagon.V6.vmpybus.acc.128B
                         int16x128
                         (list
                          (int16x128
                           (llvm.hexagon.V6.vcombine.128B
                            int16x128
                            (list
                             (int16x64
                              (halide.ir.x64
                               int16x64
                               (list
                                (int16
                                 (*
                                  (int16
                                   (int16x1 int16 (list (uint8 input2_zero))))
                                  (int16 0xffc0))))))
                             (int16x64
                              (halide.ir.x64
                               int16x64
                               (list
                                (int16
                                 (*
                                  (int16
                                   (int16x1 int16 (list (uint8 input2_zero))))
                                  (int16 0xffc0)))))))))
                          (uint8x128
                           (llvm.hexagon.V6.vread.128B
                            uint8x128
                            (list
                             (int32 input2)
                             (int32
                              (+
                               (* output.s0.x.x 128)
                               (+
                                (*
                                 (+ output.min.1 output.s0.y.rebased)
                                 input2.stride.1)
                                (- t40.s input2.min.0))))
                             (int32 1)
                             (int32 0))))
                          (int32 0x40404040)))))))
                    (int32
                     (halide.hexagon.dup2.h
                      int32
                      (list (int16 input2_multiplier))))))))))
              (int32x32
               (llvm.hexagon.V6.lo.128B
                int32x32
                (list
                 (int32x64
                  (llvm.hexagon.V6.vmpyhsat.acc.128B
                   int32x64
                   (list
                    (int32x64
                     (llvm.hexagon.V6.vmpyh.128B
                      int32x64
                      (list
                       (int16x64
                        (llvm.hexagon.V6.lo.128B
                         int16x64
                         (list
                          (int16x128
                           (llvm.hexagon.V6.vmpybus.acc.128B
                            int16x128
                            (list
                             (int16x128
                              (llvm.hexagon.V6.vcombine.128B
                               int16x128
                               (list
                                (int16x64
                                 (halide.ir.x64
                                  int16x64
                                  (list
                                   (int16
                                    (*
                                     (int16
                                      (int16x1
                                       int16
                                       (list (uint8 input1_zero))))
                                     (int16 0xffc0))))))
                                (int16x64
                                 (halide.ir.x64
                                  int16x64
                                  (list
                                   (int16
                                    (*
                                     (int16
                                      (int16x1
                                       int16
                                       (list (uint8 input1_zero))))
                                     (int16 0xffc0)))))))))
                             (uint8x128
                              (llvm.hexagon.V6.vread.128B
                               uint8x128
                               (list
                                (int32 input1)
                                (int32
                                 (+
                                  (* output.s0.x.x 128)
                                  (+
                                   (*
                                    (+ output.min.1 output.s0.y.rebased)
                                    input1.stride.1)
                                   (- t39.s input1.min.0))))
                                (int32 1)
                                (int32 0))))
                             (int32 0x40404040)))))))
                       (int32
                        (halide.hexagon.dup2.h
                         int32
                         (list (int16 input1_multiplier)))))))
                    (int16x64
                     (llvm.hexagon.V6.lo.128B
                      int16x64
                      (list
                       (int16x128
                        (llvm.hexagon.V6.vmpybus.acc.128B
                         int16x128
                         (list
                          (int16x128
                           (llvm.hexagon.V6.vcombine.128B
                            int16x128
                            (list
                             (int16x64
                              (halide.ir.x64
                               int16x64
                               (list
                                (int16
                                 (*
                                  (int16
                                   (int16x1 int16 (list (uint8 input2_zero))))
                                  (int16 0xffc0))))))
                             (int16x64
                              (halide.ir.x64
                               int16x64
                               (list
                                (int16
                                 (*
                                  (int16
                                   (int16x1 int16 (list (uint8 input2_zero))))
                                  (int16 0xffc0)))))))))
                          (uint8x128
                           (llvm.hexagon.V6.vread.128B
                            uint8x128
                            (list
                             (int32 input2)
                             (int32
                              (+
                               (* output.s0.x.x 128)
                               (+
                                (*
                                 (+ output.min.1 output.s0.y.rebased)
                                 input2.stride.1)
                                (- t40.s input2.min.0))))
                             (int32 1)
                             (int32 0))))
                          (int32 0x40404040)))))))
                    (int32
                     (halide.hexagon.dup2.h
                      int32
                      (list (int16 input2_multiplier))))))))))))))))))))))
  (uint8x128 (halide.ir.x128 uint8x128 (list (uint8 output_min))))))
