(halide.concat_vectors
 uint8x256
 (list
  (uint8x128
   (llvm.hexagon.V6.vmaxub.128B
    uint8x128
    (list
     (uint8x128
      (llvm.hexagon.V6.vread.128B
       uint8x128
       (list (int32 maximum) (int32 0) (int32 0) (int32 0))))
     (uint8x128
      (llvm.hexagon.V6.vread.128B
       uint8x128
       (list
        (int32 input)
        (int32 (+ (* (+ maximum.s1.r12$x.rebased t286) input.stride.1) t289))
        (int32 1)
        (int32 0)))))))
  (uint8x128
   (llvm.hexagon.V6.vmaxub.128B
    uint8x128
    (list
     (uint8x128
      (llvm.hexagon.V6.vread.128B
       uint8x128
       (list (int32 maximum) (int32 128) (int32 0) (int32 0))))
     (uint8x128
      (llvm.hexagon.V6.vread.128B
       uint8x128
       (list
        (int32 input)
        (int32
         (+ (+ (* (+ maximum.s1.r12$x.rebased t286) input.stride.1) t289) 128))
        (int32 1)
        (int32 0)))))))))
