(halide.concat_vectors
 uint8x512
 (list
  (uint8x128
   (llvm.hexagon.V6.vminub.128B
    uint8x128
    (list
     (uint8x128
      (llvm.hexagon.V6.vread.128B
       uint8x128
       (list (int32 maximum) (int32 0) (int32 0) (int32 0))))
     (uint8x128 (halide.ir.x128 uint8x128 (list (uint8 output_max)))))))
  (uint8x128
   (llvm.hexagon.V6.vminub.128B
    uint8x128
    (list
     (uint8x128
      (llvm.hexagon.V6.vread.128B
       uint8x128
       (list (int32 maximum) (int32 128) (int32 0) (int32 0))))
     (uint8x128 (halide.ir.x128 uint8x128 (list (uint8 output_max)))))))
  (uint8x128
   (llvm.hexagon.V6.vminub.128B
    uint8x128
    (list
     (uint8x128
      (llvm.hexagon.V6.vread.128B
       uint8x128
       (list (int32 maximum) (int32 256) (int32 0) (int32 0))))
     (uint8x128 (halide.ir.x128 uint8x128 (list (uint8 output_max)))))))
  (uint8x128
   (llvm.hexagon.V6.vminub.128B
    uint8x128
    (list
     (uint8x128
      (llvm.hexagon.V6.vread.128B
       uint8x128
       (list (int32 maximum) (int32 384) (int32 0) (int32 0))))
     (uint8x128 (halide.ir.x128 uint8x128 (list (uint8 output_max)))))))))
