(halide.concat_vectors
 int32x128
 (list
  (int32x64
   (llvm.hexagon.V6.vunpackh.128B
    int32x64
    (list
     (int16x64
      (llvm.hexagon.V6.lo.128B
       int16x64
       (list
        (int16x128
         (llvm.hexagon.V6.vshuffvdd.128B
          int16x128
          (list
           (int16x64
            (llvm.hexagon.V6.hi.128B
             int16x64
             (list
              (int16x128
               (llvm.hexagon.V6.vmpabus.acc.128B
                int16x128
                (list
                 (int16x128
                  (llvm.hexagon.V6.vmpabuu.acc.128B
                   int16x128
                   (list
                    (int16x128
                     (llvm.hexagon.V6.vmpabuu.acc.128B
                      int16x128
                      (list
                       (int16x128
                        (llvm.hexagon.V6.vzb.128B
                         uint16x128
                         (list
                          (uint8x128
                           (llvm.hexagon.V6.vread.128B
                            uint8x128
                            (list
                             (int32 input)
                             (int32 (+ (+ (* input.stride.1 -3) t6) -3))
                             (int32 128)
                             (int32 125)))))))
                       (uint8x256
                        (llvm.hexagon.V6.vcombine.128B
                         uint8x256
                         (list
                          (uint8x128
                           (llvm.hexagon.V6.vread.128B
                            uint8x128
                            (list
                             (int32 input)
                             (int32 (+ (+ (* input.stride.1 2) t6) -3))
                             (int32 128)
                             (int32 125))))
                          (uint8x128
                           (llvm.hexagon.V6.vread.128B
                            uint8x128
                            (list
                             (int32 input)
                             (int32 (+ t6 -3))
                             (int32 128)
                             (int32 125)))))))
                       (int32 0x06140614))))
                    (uint8x256
                     (llvm.hexagon.V6.vcombine.128B
                      uint8x256
                      (list
                       (uint8x128
                        (llvm.hexagon.V6.vread.128B
                         uint8x128
                         (list
                          (int32 input)
                          (int32 (+ (- t6 input.stride.1) -3))
                          (int32 128)
                          (int32 125))))
                       (uint8x128
                        (llvm.hexagon.V6.vread.128B
                         uint8x128
                         (list
                          (int32 input)
                          (int32 (+ (+ input.stride.1 t6) -3))
                          (int32 128)
                          (int32 125)))))))
                    (int32 0x0f0f0f0f))))
                 (uint8x256
                  (llvm.hexagon.V6.vcombine.128B
                   uint8x256
                   (list
                    (uint8x128
                     (llvm.hexagon.V6.vread.128B
                      uint8x128
                      (list
                       (int32 input)
                       (int32 (+ (+ (* input.stride.1 3) t6) -3))
                       (int32 128)
                       (int32 125))))
                    (uint8x128
                     (llvm.hexagon.V6.vread.128B
                      uint8x128
                      (list
                       (int32 input)
                       (int32 (+ (+ (* input.stride.1 -2) t6) -3))
                       (int32 128)
                       (int32 125)))))))
                 (int32 0x01060106)))))))
           (int16x64
            (llvm.hexagon.V6.lo.128B
             int16x64
             (list
              (int16x128
               (llvm.hexagon.V6.vmpabus.acc.128B
                int16x128
                (list
                 (int16x128
                  (llvm.hexagon.V6.vmpabuu.acc.128B
                   int16x128
                   (list
                    (int16x128
                     (llvm.hexagon.V6.vmpabuu.acc.128B
                      int16x128
                      (list
                       (int16x128
                        (llvm.hexagon.V6.vzb.128B
                         uint16x128
                         (list
                          (uint8x128
                           (llvm.hexagon.V6.vread.128B
                            uint8x128
                            (list
                             (int32 input)
                             (int32 (+ (+ (* input.stride.1 -3) t6) -3))
                             (int32 128)
                             (int32 125)))))))
                       (uint8x256
                        (llvm.hexagon.V6.vcombine.128B
                         uint8x256
                         (list
                          (uint8x128
                           (llvm.hexagon.V6.vread.128B
                            uint8x128
                            (list
                             (int32 input)
                             (int32 (+ (+ (* input.stride.1 2) t6) -3))
                             (int32 128)
                             (int32 125))))
                          (uint8x128
                           (llvm.hexagon.V6.vread.128B
                            uint8x128
                            (list
                             (int32 input)
                             (int32 (+ t6 -3))
                             (int32 128)
                             (int32 125)))))))
                       (int32 0x06140614))))
                    (uint8x256
                     (llvm.hexagon.V6.vcombine.128B
                      uint8x256
                      (list
                       (uint8x128
                        (llvm.hexagon.V6.vread.128B
                         uint8x128
                         (list
                          (int32 input)
                          (int32 (+ (- t6 input.stride.1) -3))
                          (int32 128)
                          (int32 125))))
                       (uint8x128
                        (llvm.hexagon.V6.vread.128B
                         uint8x128
                         (list
                          (int32 input)
                          (int32 (+ (+ input.stride.1 t6) -3))
                          (int32 128)
                          (int32 125)))))))
                    (int32 0x0f0f0f0f))))
                 (uint8x256
                  (llvm.hexagon.V6.vcombine.128B
                   uint8x256
                   (list
                    (uint8x128
                     (llvm.hexagon.V6.vread.128B
                      uint8x128
                      (list
                       (int32 input)
                       (int32 (+ (+ (* input.stride.1 3) t6) -3))
                       (int32 128)
                       (int32 125))))
                    (uint8x128
                     (llvm.hexagon.V6.vread.128B
                      uint8x128
                      (list
                       (int32 input)
                       (int32 (+ (+ (* input.stride.1 -2) t6) -3))
                       (int32 128)
                       (int32 125)))))))
                 (int32 0x01060106)))))))
           (int32 -2))))))))))
  (int32x64
   (llvm.hexagon.V6.vunpackh.128B
    int32x64
    (list
     (int16x64
      (llvm.hexagon.V6.hi.128B
       int16x64
       (list
        (int16x128
         (llvm.hexagon.V6.vshuffvdd.128B
          int16x128
          (list
           (int16x64
            (llvm.hexagon.V6.hi.128B
             int16x64
             (list
              (int16x128
               (llvm.hexagon.V6.vmpabus.acc.128B
                int16x128
                (list
                 (int16x128
                  (llvm.hexagon.V6.vmpabuu.acc.128B
                   int16x128
                   (list
                    (int16x128
                     (llvm.hexagon.V6.vmpabuu.acc.128B
                      int16x128
                      (list
                       (int16x128
                        (llvm.hexagon.V6.vzb.128B
                         uint16x128
                         (list
                          (uint8x128
                           (llvm.hexagon.V6.vread.128B
                            uint8x128
                            (list
                             (int32 input)
                             (int32 (+ (+ (* input.stride.1 3) t6) -3))
                             (int32 128)
                             (int32 125)))))))
                       (uint8x256
                        (llvm.hexagon.V6.vcombine.128B
                         uint8x256
                         (list
                          (uint8x128
                           (llvm.hexagon.V6.vread.128B
                            uint8x128
                            (list
                             (int32 input)
                             (int32 (+ (+ (* input.stride.1 -2) t6) -3))
                             (int32 128)
                             (int32 125))))
                          (uint8x128
                           (llvm.hexagon.V6.vread.128B
                            uint8x128
                            (list
                             (int32 input)
                             (int32 (+ t6 -3))
                             (int32 128)
                             (int32 125)))))))
                       (int32 0x06140614))))
                    (uint8x256
                     (llvm.hexagon.V6.vcombine.128B
                      uint8x256
                      (list
                       (uint8x128
                        (llvm.hexagon.V6.vread.128B
                         uint8x128
                         (list
                          (int32 input)
                          (int32 (+ (- t6 input.stride.1) -3))
                          (int32 128)
                          (int32 125))))
                       (uint8x128
                        (llvm.hexagon.V6.vread.128B
                         uint8x128
                         (list
                          (int32 input)
                          (int32 (+ (+ input.stride.1 t6) -3))
                          (int32 128)
                          (int32 125)))))))
                    (int32 0x0f0f0f0f))))
                 (uint8x256
                  (llvm.hexagon.V6.vcombine.128B
                   uint8x256
                   (list
                    (uint8x128
                     (llvm.hexagon.V6.vread.128B
                      uint8x128
                      (list
                       (int32 input)
                       (int32 (+ (+ (* input.stride.1 -3) t6) -3))
                       (int32 128)
                       (int32 125))))
                    (uint8x128
                     (llvm.hexagon.V6.vread.128B
                      uint8x128
                      (list
                       (int32 input)
                       (int32 (+ (+ (* input.stride.1 2) t6) -3))
                       (int32 128)
                       (int32 125)))))))
                 (int32 0x01060106)))))))
           (int16x64
            (llvm.hexagon.V6.lo.128B
             int16x64
             (list
              (int16x128
               (llvm.hexagon.V6.vmpabus.acc.128B
                int16x128
                (list
                 (int16x128
                  (llvm.hexagon.V6.vmpabuu.acc.128B
                   int16x128
                   (list
                    (int16x128
                     (llvm.hexagon.V6.vmpabuu.acc.128B
                      int16x128
                      (list
                       (int16x128
                        (llvm.hexagon.V6.vzb.128B
                         uint16x128
                         (list
                          (uint8x128
                           (llvm.hexagon.V6.vread.128B
                            uint8x128
                            (list
                             (int32 input)
                             (int32 (+ (+ (* input.stride.1 3) t6) -3))
                             (int32 128)
                             (int32 125)))))))
                       (uint8x256
                        (llvm.hexagon.V6.vcombine.128B
                         uint8x256
                         (list
                          (uint8x128
                           (llvm.hexagon.V6.vread.128B
                            uint8x128
                            (list
                             (int32 input)
                             (int32 (+ (+ (* input.stride.1 -2) t6) -3))
                             (int32 128)
                             (int32 125))))
                          (uint8x128
                           (llvm.hexagon.V6.vread.128B
                            uint8x128
                            (list
                             (int32 input)
                             (int32 (+ t6 -3))
                             (int32 128)
                             (int32 125)))))))
                       (int32 0x06140614))))
                    (uint8x256
                     (llvm.hexagon.V6.vcombine.128B
                      uint8x256
                      (list
                       (uint8x128
                        (llvm.hexagon.V6.vread.128B
                         uint8x128
                         (list
                          (int32 input)
                          (int32 (+ (- t6 input.stride.1) -3))
                          (int32 128)
                          (int32 125))))
                       (uint8x128
                        (llvm.hexagon.V6.vread.128B
                         uint8x128
                         (list
                          (int32 input)
                          (int32 (+ (+ input.stride.1 t6) -3))
                          (int32 128)
                          (int32 125)))))))
                    (int32 0x0f0f0f0f))))
                 (uint8x256
                  (llvm.hexagon.V6.vcombine.128B
                   uint8x256
                   (list
                    (uint8x128
                     (llvm.hexagon.V6.vread.128B
                      uint8x128
                      (list
                       (int32 input)
                       (int32 (+ (+ (* input.stride.1 -3) t6) -3))
                       (int32 128)
                       (int32 125))))
                    (uint8x128
                     (llvm.hexagon.V6.vread.128B
                      uint8x128
                      (list
                       (int32 input)
                       (int32 (+ (+ (* input.stride.1 2) t6) -3))
                       (int32 128)
                       (int32 125)))))))
                 (int32 0x01060106)))))))
           (int32 -2))))))))))))
