(llvm.hexagon.V6.vcombine.128B
 int32x64
 (list
  (int32x32
   (llvm.hexagon.V6.vread.128B
    int32x32
    (list (int32 t74-buf) (int32 0) (int32 0) (int32 0))))
  (int32x32
   (llvm.hexagon.V6.vread.128B
    int32x32
    (list (int32 t73-buf) (int32 0) (int32 0) (int32 0))))))
