(llvm.hexagon.V6.vpackhub.sat.128B
 uint8x128
 (list
  (int16x64
   (llvm.hexagon.V6.vpackwh.sat.128B
    int16x64
    (list
     (int32x32
      (llvm.hexagon.V6.vasrw.128B
       int32x32
       (list
        (int32x32
         (llvm.hexagon.V6.vmpyiwb.acc.128B
          int32x32
          (list
           (int32x32
            (llvm.hexagon.V6.vaddw.128B
             int32x32
             (list
              (int32x32
               (llvm.hexagon.V6.vmpyiwb.acc.128B
                int32x32
                (list
                 (int32x32
                  (llvm.hexagon.V6.vmpyiwb.acc.128B
                   int32x32
                   (list
                    (int32x32
                     (llvm.hexagon.V6.vmpyiwb.acc.128B
                      int32x32
                      (list
                       (int32x32
                        (llvm.hexagon.V6.vmpyiwb.acc.128B
                         int32x32
                         (list
                          (int32x32
                           (llvm.hexagon.V6.vread.128B
                            int32x32
                            (list
                             (int32 t78-buf)
                             (int32 0)
                             (int32 0)
                             (int32 0))))
                          (int32x32
                           (llvm.hexagon.V6.valignb.128B
                            int32x32
                            (list
                             (int32x32
                              (llvm.hexagon.V6.vread.128B
                               int32x32
                               (list
                                (int32 t80.s-buf)
                                (int32 0)
                                (int32 0)
                                (int32 0))))
                             (int32x32
                              (llvm.hexagon.V6.vread.128B
                               int32x32
                               (list
                                (int32 t78-buf)
                                (int32 0)
                                (int32 0)
                                (int32 0))))
                             (int32 12))))
                          (int32 0x14141414))))
                       (int32x32
                        (llvm.hexagon.V6.valignb.128B
                         int32x32
                         (list
                          (int32x32
                           (llvm.hexagon.V6.vread.128B
                            int32x32
                            (list
                             (int32 t80.s-buf)
                             (int32 0)
                             (int32 0)
                             (int32 0))))
                          (int32x32
                           (llvm.hexagon.V6.vread.128B
                            int32x32
                            (list
                             (int32 t78-buf)
                             (int32 0)
                             (int32 0)
                             (int32 0))))
                          (int32 16))))
                       (int32 0x0f0f0f0f))))
                    (int32x32
                     (llvm.hexagon.V6.valignbi.128B
                      int32x32
                      (list
                       (int32x32
                        (llvm.hexagon.V6.vread.128B
                         int32x32
                         (list
                          (int32 t80.s-buf)
                          (int32 0)
                          (int32 0)
                          (int32 0))))
                       (int32x32
                        (llvm.hexagon.V6.vread.128B
                         int32x32
                         (list (int32 t78-buf) (int32 0) (int32 0) (int32 0))))
                       (int32 4))))
                    (int32 0x06060606))))
                 (int32x32
                  (llvm.hexagon.V6.valignb.128B
                   int32x32
                   (list
                    (int32x32
                     (llvm.hexagon.V6.vread.128B
                      int32x32
                      (list (int32 t80.s-buf) (int32 0) (int32 0) (int32 0))))
                    (int32x32
                     (llvm.hexagon.V6.vread.128B
                      int32x32
                      (list (int32 t78-buf) (int32 0) (int32 0) (int32 0))))
                    (int32 8))))
                 (int32 0x0f0f0f0f))))
              (int32x32
               (llvm.hexagon.V6.valignb.128B
                int32x32
                (list
                 (int32x32
                  (llvm.hexagon.V6.vread.128B
                   int32x32
                   (list (int32 t80.s-buf) (int32 0) (int32 0) (int32 0))))
                 (int32x32
                  (llvm.hexagon.V6.vread.128B
                   int32x32
                   (list (int32 t78-buf) (int32 0) (int32 0) (int32 0))))
                 (int32 24)))))))
           (int32x32
            (llvm.hexagon.V6.valignb.128B
             int32x32
             (list
              (int32x32
               (llvm.hexagon.V6.vread.128B
                int32x32
                (list (int32 t80.s-buf) (int32 0) (int32 0) (int32 0))))
              (int32x32
               (llvm.hexagon.V6.vread.128B
                int32x32
                (list (int32 t78-buf) (int32 0) (int32 0) (int32 0))))
              (int32 20))))
           (int32 0x06060606))))
        (int32 0x0c))))
     (int32x32
      (llvm.hexagon.V6.vasrw.128B
       int32x32
       (list
        (int32x32
         (llvm.hexagon.V6.vmpyiwb.acc.128B
          int32x32
          (list
           (int32x32
            (llvm.hexagon.V6.vaddw.128B
             int32x32
             (list
              (int32x32
               (llvm.hexagon.V6.vmpyiwb.acc.128B
                int32x32
                (list
                 (int32x32
                  (llvm.hexagon.V6.vmpyiwb.acc.128B
                   int32x32
                   (list
                    (int32x32
                     (llvm.hexagon.V6.vmpyiwb.acc.128B
                      int32x32
                      (list
                       (int32x32
                        (llvm.hexagon.V6.vmpyiwb.acc.128B
                         int32x32
                         (list
                          (int32x32
                           (llvm.hexagon.V6.vread.128B
                            int32x32
                            (list
                             (int32 t76-buf)
                             (int32 0)
                             (int32 0)
                             (int32 0))))
                          (int32x32
                           (llvm.hexagon.V6.valignb.128B
                            int32x32
                            (list
                             (int32x32
                              (llvm.hexagon.V6.vread.128B
                               int32x32
                               (list
                                (int32 t79-buf)
                                (int32 32)
                                (int32 0)
                                (int32 0))))
                             (int32x32
                              (llvm.hexagon.V6.vread.128B
                               int32x32
                               (list
                                (int32 t79-buf)
                                (int32 0)
                                (int32 0)
                                (int32 0))))
                             (int32 12))))
                          (int32 0x14141414))))
                       (int32x32
                        (llvm.hexagon.V6.valignb.128B
                         int32x32
                         (list
                          (int32x32
                           (llvm.hexagon.V6.vread.128B
                            int32x32
                            (list
                             (int32 t79-buf)
                             (int32 32)
                             (int32 0)
                             (int32 0))))
                          (int32x32
                           (llvm.hexagon.V6.vread.128B
                            int32x32
                            (list
                             (int32 t79-buf)
                             (int32 0)
                             (int32 0)
                             (int32 0))))
                          (int32 16))))
                       (int32 0x0f0f0f0f))))
                    (int32x32
                     (llvm.hexagon.V6.valignbi.128B
                      int32x32
                      (list
                       (int32x32
                        (llvm.hexagon.V6.vread.128B
                         int32x32
                         (list
                          (int32 t79-buf)
                          (int32 32)
                          (int32 0)
                          (int32 0))))
                       (int32x32
                        (llvm.hexagon.V6.vread.128B
                         int32x32
                         (list (int32 t79-buf) (int32 0) (int32 0) (int32 0))))
                       (int32 4))))
                    (int32 0x06060606))))
                 (int32x32
                  (llvm.hexagon.V6.valignb.128B
                   int32x32
                   (list
                    (int32x32
                     (llvm.hexagon.V6.vread.128B
                      int32x32
                      (list (int32 t79-buf) (int32 32) (int32 0) (int32 0))))
                    (int32x32
                     (llvm.hexagon.V6.vread.128B
                      int32x32
                      (list (int32 t79-buf) (int32 0) (int32 0) (int32 0))))
                    (int32 8))))
                 (int32 0x0f0f0f0f))))
              (int32x32
               (llvm.hexagon.V6.valignb.128B
                int32x32
                (list
                 (int32x32
                  (llvm.hexagon.V6.vread.128B
                   int32x32
                   (list (int32 t79-buf) (int32 32) (int32 0) (int32 0))))
                 (int32x32
                  (llvm.hexagon.V6.vread.128B
                   int32x32
                   (list (int32 t79-buf) (int32 0) (int32 0) (int32 0))))
                 (int32 24)))))))
           (int32x32
            (llvm.hexagon.V6.valignb.128B
             int32x32
             (list
              (int32x32
               (llvm.hexagon.V6.vread.128B
                int32x32
                (list (int32 t79-buf) (int32 32) (int32 0) (int32 0))))
              (int32x32
               (llvm.hexagon.V6.vread.128B
                int32x32
                (list (int32 t79-buf) (int32 0) (int32 0) (int32 0))))
              (int32 20))))
           (int32 0x06060606))))
        (int32 0x0c)))))))
  (int16x64
   (llvm.hexagon.V6.vpackwh.sat.128B
    int16x64
    (list
     (int32x32
      (llvm.hexagon.V6.vasrw.128B
       int32x32
       (list
        (int32x32
         (llvm.hexagon.V6.vmpyiwb.acc.128B
          int32x32
          (list
           (int32x32
            (llvm.hexagon.V6.vaddw.128B
             int32x32
             (list
              (int32x32
               (llvm.hexagon.V6.vmpyiwb.acc.128B
                int32x32
                (list
                 (int32x32
                  (llvm.hexagon.V6.vmpyiwb.acc.128B
                   int32x32
                   (list
                    (int32x32
                     (llvm.hexagon.V6.vmpyiwb.acc.128B
                      int32x32
                      (list
                       (int32x32
                        (llvm.hexagon.V6.vmpyiwb.acc.128B
                         int32x32
                         (list
                          (int32x32
                           (llvm.hexagon.V6.vread.128B
                            int32x32
                            (list
                             (int32 t74-buf)
                             (int32 0)
                             (int32 0)
                             (int32 0))))
                          (int32x32
                           (llvm.hexagon.V6.valignb.128B
                            int32x32
                            (list
                             (int32x32
                              (llvm.hexagon.V6.vread.128B
                               int32x32
                               (list
                                (int32 t77-buf)
                                (int32 32)
                                (int32 0)
                                (int32 0))))
                             (int32x32
                              (llvm.hexagon.V6.vread.128B
                               int32x32
                               (list
                                (int32 t77-buf)
                                (int32 0)
                                (int32 0)
                                (int32 0))))
                             (int32 12))))
                          (int32 0x14141414))))
                       (int32x32
                        (llvm.hexagon.V6.valignb.128B
                         int32x32
                         (list
                          (int32x32
                           (llvm.hexagon.V6.vread.128B
                            int32x32
                            (list
                             (int32 t77-buf)
                             (int32 32)
                             (int32 0)
                             (int32 0))))
                          (int32x32
                           (llvm.hexagon.V6.vread.128B
                            int32x32
                            (list
                             (int32 t77-buf)
                             (int32 0)
                             (int32 0)
                             (int32 0))))
                          (int32 16))))
                       (int32 0x0f0f0f0f))))
                    (int32x32
                     (llvm.hexagon.V6.valignb.128B
                      int32x32
                      (list
                       (int32x32
                        (llvm.hexagon.V6.vread.128B
                         int32x32
                         (list
                          (int32 t77-buf)
                          (int32 32)
                          (int32 0)
                          (int32 0))))
                       (int32x32
                        (llvm.hexagon.V6.vread.128B
                         int32x32
                         (list (int32 t77-buf) (int32 0) (int32 0) (int32 0))))
                       (int32 20))))
                    (int32 0x06060606))))
                 (int32x32
                  (llvm.hexagon.V6.valignb.128B
                   int32x32
                   (list
                    (int32x32
                     (llvm.hexagon.V6.vread.128B
                      int32x32
                      (list (int32 t77-buf) (int32 32) (int32 0) (int32 0))))
                    (int32x32
                     (llvm.hexagon.V6.vread.128B
                      int32x32
                      (list (int32 t77-buf) (int32 0) (int32 0) (int32 0))))
                    (int32 8))))
                 (int32 0x0f0f0f0f))))
              (int32x32
               (llvm.hexagon.V6.valignb.128B
                int32x32
                (list
                 (int32x32
                  (llvm.hexagon.V6.vread.128B
                   int32x32
                   (list (int32 t77-buf) (int32 32) (int32 0) (int32 0))))
                 (int32x32
                  (llvm.hexagon.V6.vread.128B
                   int32x32
                   (list (int32 t77-buf) (int32 0) (int32 0) (int32 0))))
                 (int32 24)))))))
           (int32x32
            (llvm.hexagon.V6.valignbi.128B
             int32x32
             (list
              (int32x32
               (llvm.hexagon.V6.vread.128B
                int32x32
                (list (int32 t77-buf) (int32 32) (int32 0) (int32 0))))
              (int32x32
               (llvm.hexagon.V6.vread.128B
                int32x32
                (list (int32 t77-buf) (int32 0) (int32 0) (int32 0))))
              (int32 4))))
           (int32 0x06060606))))
        (int32 0x0c))))
     (int32x32
      (llvm.hexagon.V6.vasrw.128B
       int32x32
       (list
        (int32x32
         (llvm.hexagon.V6.vmpyiwb.acc.128B
          int32x32
          (list
           (int32x32
            (llvm.hexagon.V6.vaddw.128B
             int32x32
             (list
              (int32x32
               (llvm.hexagon.V6.vmpyiwb.acc.128B
                int32x32
                (list
                 (int32x32
                  (llvm.hexagon.V6.vmpyiwb.acc.128B
                   int32x32
                   (list
                    (int32x32
                     (llvm.hexagon.V6.vmpyiwb.acc.128B
                      int32x32
                      (list
                       (int32x32
                        (llvm.hexagon.V6.vmpyiwb.acc.128B
                         int32x32
                         (list
                          (int32x32
                           (llvm.hexagon.V6.vread.128B
                            int32x32
                            (list
                             (int32 t73-buf)
                             (int32 0)
                             (int32 0)
                             (int32 0))))
                          (int32x32
                           (llvm.hexagon.V6.valignb.128B
                            int32x32
                            (list
                             (int32x32
                              (llvm.hexagon.V6.vread.128B
                               int32x32
                               (list
                                (int32 t75-buf)
                                (int32 32)
                                (int32 0)
                                (int32 0))))
                             (int32x32
                              (llvm.hexagon.V6.vread.128B
                               int32x32
                               (list
                                (int32 t75-buf)
                                (int32 0)
                                (int32 0)
                                (int32 0))))
                             (int32 12))))
                          (int32 0x14141414))))
                       (int32x32
                        (llvm.hexagon.V6.valignb.128B
                         int32x32
                         (list
                          (int32x32
                           (llvm.hexagon.V6.vread.128B
                            int32x32
                            (list
                             (int32 t75-buf)
                             (int32 32)
                             (int32 0)
                             (int32 0))))
                          (int32x32
                           (llvm.hexagon.V6.vread.128B
                            int32x32
                            (list
                             (int32 t75-buf)
                             (int32 0)
                             (int32 0)
                             (int32 0))))
                          (int32 16))))
                       (int32 0x0f0f0f0f))))
                    (int32x32
                     (llvm.hexagon.V6.valignb.128B
                      int32x32
                      (list
                       (int32x32
                        (llvm.hexagon.V6.vread.128B
                         int32x32
                         (list
                          (int32 t75-buf)
                          (int32 32)
                          (int32 0)
                          (int32 0))))
                       (int32x32
                        (llvm.hexagon.V6.vread.128B
                         int32x32
                         (list (int32 t75-buf) (int32 0) (int32 0) (int32 0))))
                       (int32 20))))
                    (int32 0x06060606))))
                 (int32x32
                  (llvm.hexagon.V6.valignb.128B
                   int32x32
                   (list
                    (int32x32
                     (llvm.hexagon.V6.vread.128B
                      int32x32
                      (list (int32 t75-buf) (int32 32) (int32 0) (int32 0))))
                    (int32x32
                     (llvm.hexagon.V6.vread.128B
                      int32x32
                      (list (int32 t75-buf) (int32 0) (int32 0) (int32 0))))
                    (int32 8))))
                 (int32 0x0f0f0f0f))))
              (int32x32
               (llvm.hexagon.V6.valignb.128B
                int32x32
                (list
                 (int32x32
                  (llvm.hexagon.V6.vread.128B
                   int32x32
                   (list (int32 t75-buf) (int32 32) (int32 0) (int32 0))))
                 (int32x32
                  (llvm.hexagon.V6.vread.128B
                   int32x32
                   (list (int32 t75-buf) (int32 0) (int32 0) (int32 0))))
                 (int32 24)))))))
           (int32x32
            (llvm.hexagon.V6.valignbi.128B
             int32x32
             (list
              (int32x32
               (llvm.hexagon.V6.vread.128B
                int32x32
                (list (int32 t75-buf) (int32 32) (int32 0) (int32 0))))
              (int32x32
               (llvm.hexagon.V6.vread.128B
                int32x32
                (list (int32 t75-buf) (int32 0) (int32 0) (int32 0))))
              (int32 4))))
           (int32 0x06060606))))
        (int32 0x0c)))))))))
