((#:stats #hash((assertion . 0) (solver . 0)))
 (#:trace
  (("[assert] @foldl: arity mismatch;\n the ex...."
    (#%app "ex-1-3.rkt" 4 17)
    ((@foldl "ex-1-3.rkt" 4 17) (sum "ex-1-3.rkt" 7 22))
    #t))))
