((#:stats #hash((assertion . 0) (solver . 0)))
 (#:trace
  (("[assert] $*: expected real? arguments\n  ...."
    (#%app "ex-2.rkt" 9 5)
    ((* "ex-2.rkt" 9 5) (sum "ex-2.rkt" 14 22))
    (&& (= ...) ...)))))
