((#:stats #hash((assertion . 0) (solver . 0)))
 (#:trace
  (("[assert] select: arity mismatch;\n the ex...."
    (#%app "ex-3.rkt" 16 24)
    ((select "ex-3.rkt" 16 24) (select "ex-3.rkt" 22 21))
    (&& (&& ...) ...))
   ("[assert] unexpected empty list\n"
    (assert "ex-3.rkt" 8 18)
    ((select "ex-3.rkt" 17 18) (select "ex-3.rkt" 22 21))
    (&& (&& ...) ...))
   ("[assert] select: arity mismatch;\n the ex...."
    (#%app "ex-3.rkt" 16 24)
    ((select "ex-3.rkt" 16 24)
     (select "ex-3.rkt" 17 18)
     (select "ex-3.rkt" 22 21))
    (&& (&& ...) ...))
   ("[assert] unexpected empty list\n"
    (assert "ex-3.rkt" 8 18)
    ((select "ex-3.rkt" 17 18)
     (select "ex-3.rkt" 17 18)
     (select "ex-3.rkt" 22 21))
    (&& (&& ...) ...))
   ("[assert] select: arity mismatch;\n the ex...."
    (#%app "ex-3.rkt" 16 24)
    ((select "ex-3.rkt" 16 24)
     (select "ex-3.rkt" 17 18)
     (select "ex-3.rkt" 17 18)
     (select "ex-3.rkt" 22 21))
    (&& (&& ...) ...))
   ("[assert] unexpected empty list\n"
    (assert "ex-3.rkt" 8 18)
    ((select "ex-3.rkt" 17 18)
     (select "ex-3.rkt" 17 18)
     (select "ex-3.rkt" 17 18)
     (select "ex-3.rkt" 22 21))
    (&& (&& ...) ...))
   ("[assert] select: arity mismatch;\n the ex...."
    (#%app "ex-3.rkt" 16 24)
    ((select "ex-3.rkt" 16 24)
     (select "ex-3.rkt" 17 18)
     (select "ex-3.rkt" 17 18)
     (select "ex-3.rkt" 17 18)
     (select "ex-3.rkt" 22 21))
    (&& (&& ...) ...))
   ("[assert] unexpected empty list\n"
    (assert "ex-3.rkt" 8 18)
    ((select "ex-3.rkt" 17 18)
     (select "ex-3.rkt" 17 18)
     (select "ex-3.rkt" 17 18)
     (select "ex-3.rkt" 17 18)
     (select "ex-3.rkt" 22 21))
    (&& (&& ...) ...)))))
