((#:stats #hash((assertion . 0) (solver . 0)))
 (#:trace
  (("[assert] @add1: arity mismatch;\n the exp...."
    (#%app "infeasible-solver.rkt" 7 2)
    ((@apply "infeasible-solver.rkt" 7 2))
    (&& (! ...) ...)))))
