((#:stats #hash((assertion . 0) (solver . 0)))
 (#:trace
  (("[assert] error: bad\n"
    (#%app "test-stack.rkt" 4 12)
    ((error "test-stack.rkt" 4 12) (f "test-stack.rkt" 5 6))
    b))))
