(llvm.hexagon.V6.vmaxub.128B
 uint8x128
 (list
  (uint8x128 (halide.ir.x128 uint8x128 (list (uint8 output_min))))
  (uint8x128
   (llvm.hexagon.V6.vminub.128B
    uint8x128
    (list
     (uint8x128 (halide.ir.x128 uint8x128 (list (uint8 output_max))))
     (uint8x128
      (llvm.hexagon.V6.vsathub.128B
       uint8x128
       (list
        (int16x64
         (llvm.hexagon.V6.vaddhsat.128B
          int16x64
          (list
           (int16x64
            (halide.ir.x64
             int16x64
             (list (int16 (int16x1 int16 (list (uint8 output_zero)))))))
           (int16x64
            (llvm.hexagon.V6.vasrwhrndsat.128B
             int16x64
             (list
              (int32x32
               (llvm.hexagon.V6.vmpyowh.rnd.sacc.128B
                int32x32
                (list
                 (int32x32
                  (llvm.hexagon.V6.vmpyewuh.128B
                   int32x32
                   (list
                    (int32x32
                     (llvm.hexagon.V6.lvsplatw.128B
                      int32x32
                      (list (int32 output_multiplier))))
                    (int32x32
                     (llvm.hexagon.V6.hi.128B
                      int32x32
                      (list
                       (int32x64
                        (llvm.hexagon.V6.vmpyhv.128B
                         int32x64
                         (list
                          (int16x64
                           (llvm.hexagon.V6.hi.128B
                            int16x64
                            (list
                             (int16x128
                              (llvm.hexagon.V6.vmpybus.acc.128B
                               int16x128
                               (list
                                (int16x128
                                 (llvm.hexagon.V6.vcombine.128B
                                  int16x128
                                  (list
                                   (int16x64
                                    (halide.ir.x64
                                     int16x64
                                     (list
                                      (int16
                                       (*
                                        (int16
                                         (int16x1
                                          int16
                                          (list (uint8 input2_zero))))
                                        (int16 0xffc0))))))
                                   (int16x64
                                    (halide.ir.x64
                                     int16x64
                                     (list
                                      (int16
                                       (*
                                        (int16
                                         (int16x1
                                          int16
                                          (list (uint8 input2_zero))))
                                        (int16 0xffc0)))))))))
                                (uint8x128
                                 (llvm.hexagon.V6.vread.128B
                                  uint8x128
                                  (list
                                   (int32 t91-buf)
                                   (int32 0)
                                   (int32 0)
                                   (int32 0))))
                                (int32 0x40404040)))))))
                          (int16x64
                           (llvm.hexagon.V6.hi.128B
                            int16x64
                            (list
                             (int16x128
                              (llvm.hexagon.V6.vmpybus.acc.128B
                               int16x128
                               (list
                                (int16x128
                                 (llvm.hexagon.V6.vcombine.128B
                                  int16x128
                                  (list
                                   (int16x64
                                    (halide.ir.x64
                                     int16x64
                                     (list
                                      (int16
                                       (*
                                        (int16
                                         (int16x1
                                          int16
                                          (list (uint8 input1_zero))))
                                        (int16 0xffc0))))))
                                   (int16x64
                                    (halide.ir.x64
                                     int16x64
                                     (list
                                      (int16
                                       (*
                                        (int16
                                         (int16x1
                                          int16
                                          (list (uint8 input1_zero))))
                                        (int16 0xffc0)))))))))
                                (uint8x128
                                 (llvm.hexagon.V6.vread.128B
                                  uint8x128
                                  (list
                                   (int32 t90-buf)
                                   (int32 0)
                                   (int32 0)
                                   (int32 0))))
                                (int32 0x40404040))))))))))))))))
                 (int32x32
                  (llvm.hexagon.V6.lvsplatw.128B
                   int32x32
                   (list (int32 output_multiplier))))
                 (int32x32
                  (llvm.hexagon.V6.hi.128B
                   int32x32
                   (list
                    (int32x64
                     (llvm.hexagon.V6.vmpyhv.128B
                      int32x64
                      (list
                       (int16x64
                        (llvm.hexagon.V6.hi.128B
                         int16x64
                         (list
                          (int16x128
                           (llvm.hexagon.V6.vmpybus.acc.128B
                            int16x128
                            (list
                             (int16x128
                              (llvm.hexagon.V6.vcombine.128B
                               int16x128
                               (list
                                (int16x64
                                 (halide.ir.x64
                                  int16x64
                                  (list
                                   (int16
                                    (*
                                     (int16
                                      (int16x1
                                       int16
                                       (list (uint8 input2_zero))))
                                     (int16 0xffc0))))))
                                (int16x64
                                 (halide.ir.x64
                                  int16x64
                                  (list
                                   (int16
                                    (*
                                     (int16
                                      (int16x1
                                       int16
                                       (list (uint8 input2_zero))))
                                     (int16 0xffc0)))))))))
                             (uint8x128
                              (llvm.hexagon.V6.vread.128B
                               uint8x128
                               (list
                                (int32 t91-buf)
                                (int32 0)
                                (int32 0)
                                (int32 0))))
                             (int32 0x40404040)))))))
                       (int16x64
                        (llvm.hexagon.V6.hi.128B
                         int16x64
                         (list
                          (int16x128
                           (llvm.hexagon.V6.vmpybus.acc.128B
                            int16x128
                            (list
                             (int16x128
                              (llvm.hexagon.V6.vcombine.128B
                               int16x128
                               (list
                                (int16x64
                                 (halide.ir.x64
                                  int16x64
                                  (list
                                   (int16
                                    (*
                                     (int16
                                      (int16x1
                                       int16
                                       (list (uint8 input1_zero))))
                                     (int16 0xffc0))))))
                                (int16x64
                                 (halide.ir.x64
                                  int16x64
                                  (list
                                   (int16
                                    (*
                                     (int16
                                      (int16x1
                                       int16
                                       (list (uint8 input1_zero))))
                                     (int16 0xffc0)))))))))
                             (uint8x128
                              (llvm.hexagon.V6.vread.128B
                               uint8x128
                               (list
                                (int32 t90-buf)
                                (int32 0)
                                (int32 0)
                                (int32 0))))
                             (int32 0x40404040))))))))))))))))
              (int32x32
               (llvm.hexagon.V6.vmpyowh.rnd.sacc.128B
                int32x32
                (list
                 (int32x32
                  (llvm.hexagon.V6.vmpyewuh.128B
                   int32x32
                   (list
                    (int32x32
                     (llvm.hexagon.V6.lvsplatw.128B
                      int32x32
                      (list (int32 output_multiplier))))
                    (int32x32
                     (llvm.hexagon.V6.lo.128B
                      int32x32
                      (list
                       (int32x64
                        (llvm.hexagon.V6.vmpyhv.128B
                         int32x64
                         (list
                          (int16x64
                           (llvm.hexagon.V6.hi.128B
                            int16x64
                            (list
                             (int16x128
                              (llvm.hexagon.V6.vmpybus.acc.128B
                               int16x128
                               (list
                                (int16x128
                                 (llvm.hexagon.V6.vcombine.128B
                                  int16x128
                                  (list
                                   (int16x64
                                    (halide.ir.x64
                                     int16x64
                                     (list
                                      (int16
                                       (*
                                        (int16
                                         (int16x1
                                          int16
                                          (list (uint8 input2_zero))))
                                        (int16 0xffc0))))))
                                   (int16x64
                                    (halide.ir.x64
                                     int16x64
                                     (list
                                      (int16
                                       (*
                                        (int16
                                         (int16x1
                                          int16
                                          (list (uint8 input2_zero))))
                                        (int16 0xffc0)))))))))
                                (uint8x128
                                 (llvm.hexagon.V6.vread.128B
                                  uint8x128
                                  (list
                                   (int32 t91-buf)
                                   (int32 0)
                                   (int32 0)
                                   (int32 0))))
                                (int32 0x40404040)))))))
                          (int16x64
                           (llvm.hexagon.V6.hi.128B
                            int16x64
                            (list
                             (int16x128
                              (llvm.hexagon.V6.vmpybus.acc.128B
                               int16x128
                               (list
                                (int16x128
                                 (llvm.hexagon.V6.vcombine.128B
                                  int16x128
                                  (list
                                   (int16x64
                                    (halide.ir.x64
                                     int16x64
                                     (list
                                      (int16
                                       (*
                                        (int16
                                         (int16x1
                                          int16
                                          (list (uint8 input1_zero))))
                                        (int16 0xffc0))))))
                                   (int16x64
                                    (halide.ir.x64
                                     int16x64
                                     (list
                                      (int16
                                       (*
                                        (int16
                                         (int16x1
                                          int16
                                          (list (uint8 input1_zero))))
                                        (int16 0xffc0)))))))))
                                (uint8x128
                                 (llvm.hexagon.V6.vread.128B
                                  uint8x128
                                  (list
                                   (int32 t90-buf)
                                   (int32 0)
                                   (int32 0)
                                   (int32 0))))
                                (int32 0x40404040))))))))))))))))
                 (int32x32
                  (llvm.hexagon.V6.lvsplatw.128B
                   int32x32
                   (list (int32 output_multiplier))))
                 (int32x32
                  (llvm.hexagon.V6.lo.128B
                   int32x32
                   (list
                    (int32x64
                     (llvm.hexagon.V6.vmpyhv.128B
                      int32x64
                      (list
                       (int16x64
                        (llvm.hexagon.V6.hi.128B
                         int16x64
                         (list
                          (int16x128
                           (llvm.hexagon.V6.vmpybus.acc.128B
                            int16x128
                            (list
                             (int16x128
                              (llvm.hexagon.V6.vcombine.128B
                               int16x128
                               (list
                                (int16x64
                                 (halide.ir.x64
                                  int16x64
                                  (list
                                   (int16
                                    (*
                                     (int16
                                      (int16x1
                                       int16
                                       (list (uint8 input2_zero))))
                                     (int16 0xffc0))))))
                                (int16x64
                                 (halide.ir.x64
                                  int16x64
                                  (list
                                   (int16
                                    (*
                                     (int16
                                      (int16x1
                                       int16
                                       (list (uint8 input2_zero))))
                                     (int16 0xffc0)))))))))
                             (uint8x128
                              (llvm.hexagon.V6.vread.128B
                               uint8x128
                               (list
                                (int32 t91-buf)
                                (int32 0)
                                (int32 0)
                                (int32 0))))
                             (int32 0x40404040)))))))
                       (int16x64
                        (llvm.hexagon.V6.hi.128B
                         int16x64
                         (list
                          (int16x128
                           (llvm.hexagon.V6.vmpybus.acc.128B
                            int16x128
                            (list
                             (int16x128
                              (llvm.hexagon.V6.vcombine.128B
                               int16x128
                               (list
                                (int16x64
                                 (halide.ir.x64
                                  int16x64
                                  (list
                                   (int16
                                    (*
                                     (int16
                                      (int16x1
                                       int16
                                       (list (uint8 input1_zero))))
                                     (int16 0xffc0))))))
                                (int16x64
                                 (halide.ir.x64
                                  int16x64
                                  (list
                                   (int16
                                    (*
                                     (int16
                                      (int16x1
                                       int16
                                       (list (uint8 input1_zero))))
                                     (int16 0xffc0)))))))))
                             (uint8x128
                              (llvm.hexagon.V6.vread.128B
                               uint8x128
                               (list
                                (int32 t90-buf)
                                (int32 0)
                                (int32 0)
                                (int32 0))))
                             (int32 0x40404040))))))))))))))))
              (int32
               (int32x1
                int32
                (list
                 (int8
                  (int8x1
                   int8
                   (list
                    (uint32
                     (min
                      (uint32 output_shift)
                      (uint32 0x0000000f)))))))))))))))
        (int16x64
         (llvm.hexagon.V6.vaddhsat.128B
          int16x64
          (list
           (int16x64
            (halide.ir.x64
             int16x64
             (list (int16 (int16x1 int16 (list (uint8 output_zero)))))))
           (int16x64
            (llvm.hexagon.V6.vasrwhrndsat.128B
             int16x64
             (list
              (int32x32
               (llvm.hexagon.V6.vmpyowh.rnd.sacc.128B
                int32x32
                (list
                 (int32x32
                  (llvm.hexagon.V6.vmpyewuh.128B
                   int32x32
                   (list
                    (int32x32
                     (llvm.hexagon.V6.lvsplatw.128B
                      int32x32
                      (list (int32 output_multiplier))))
                    (int32x32
                     (llvm.hexagon.V6.hi.128B
                      int32x32
                      (list
                       (int32x64
                        (llvm.hexagon.V6.vmpyhv.128B
                         int32x64
                         (list
                          (int16x64
                           (llvm.hexagon.V6.lo.128B
                            int16x64
                            (list
                             (int16x128
                              (llvm.hexagon.V6.vmpybus.acc.128B
                               int16x128
                               (list
                                (int16x128
                                 (llvm.hexagon.V6.vcombine.128B
                                  int16x128
                                  (list
                                   (int16x64
                                    (halide.ir.x64
                                     int16x64
                                     (list
                                      (int16
                                       (*
                                        (int16
                                         (int16x1
                                          int16
                                          (list (uint8 input1_zero))))
                                        (int16 0xffc0))))))
                                   (int16x64
                                    (halide.ir.x64
                                     int16x64
                                     (list
                                      (int16
                                       (*
                                        (int16
                                         (int16x1
                                          int16
                                          (list (uint8 input1_zero))))
                                        (int16 0xffc0)))))))))
                                (uint8x128
                                 (llvm.hexagon.V6.vread.128B
                                  uint8x128
                                  (list
                                   (int32 t90-buf)
                                   (int32 0)
                                   (int32 0)
                                   (int32 0))))
                                (int32 0x40404040)))))))
                          (int16x64
                           (llvm.hexagon.V6.lo.128B
                            int16x64
                            (list
                             (int16x128
                              (llvm.hexagon.V6.vmpybus.acc.128B
                               int16x128
                               (list
                                (int16x128
                                 (llvm.hexagon.V6.vcombine.128B
                                  int16x128
                                  (list
                                   (int16x64
                                    (halide.ir.x64
                                     int16x64
                                     (list
                                      (int16
                                       (*
                                        (int16
                                         (int16x1
                                          int16
                                          (list (uint8 input2_zero))))
                                        (int16 0xffc0))))))
                                   (int16x64
                                    (halide.ir.x64
                                     int16x64
                                     (list
                                      (int16
                                       (*
                                        (int16
                                         (int16x1
                                          int16
                                          (list (uint8 input2_zero))))
                                        (int16 0xffc0)))))))))
                                (uint8x128
                                 (llvm.hexagon.V6.vread.128B
                                  uint8x128
                                  (list
                                   (int32 t91-buf)
                                   (int32 0)
                                   (int32 0)
                                   (int32 0))))
                                (int32 0x40404040))))))))))))))))
                 (int32x32
                  (llvm.hexagon.V6.lvsplatw.128B
                   int32x32
                   (list (int32 output_multiplier))))
                 (int32x32
                  (llvm.hexagon.V6.hi.128B
                   int32x32
                   (list
                    (int32x64
                     (llvm.hexagon.V6.vmpyhv.128B
                      int32x64
                      (list
                       (int16x64
                        (llvm.hexagon.V6.lo.128B
                         int16x64
                         (list
                          (int16x128
                           (llvm.hexagon.V6.vmpybus.acc.128B
                            int16x128
                            (list
                             (int16x128
                              (llvm.hexagon.V6.vcombine.128B
                               int16x128
                               (list
                                (int16x64
                                 (halide.ir.x64
                                  int16x64
                                  (list
                                   (int16
                                    (*
                                     (int16
                                      (int16x1
                                       int16
                                       (list (uint8 input1_zero))))
                                     (int16 0xffc0))))))
                                (int16x64
                                 (halide.ir.x64
                                  int16x64
                                  (list
                                   (int16
                                    (*
                                     (int16
                                      (int16x1
                                       int16
                                       (list (uint8 input1_zero))))
                                     (int16 0xffc0)))))))))
                             (uint8x128
                              (llvm.hexagon.V6.vread.128B
                               uint8x128
                               (list
                                (int32 t90-buf)
                                (int32 0)
                                (int32 0)
                                (int32 0))))
                             (int32 0x40404040)))))))
                       (int16x64
                        (llvm.hexagon.V6.lo.128B
                         int16x64
                         (list
                          (int16x128
                           (llvm.hexagon.V6.vmpybus.acc.128B
                            int16x128
                            (list
                             (int16x128
                              (llvm.hexagon.V6.vcombine.128B
                               int16x128
                               (list
                                (int16x64
                                 (halide.ir.x64
                                  int16x64
                                  (list
                                   (int16
                                    (*
                                     (int16
                                      (int16x1
                                       int16
                                       (list (uint8 input2_zero))))
                                     (int16 0xffc0))))))
                                (int16x64
                                 (halide.ir.x64
                                  int16x64
                                  (list
                                   (int16
                                    (*
                                     (int16
                                      (int16x1
                                       int16
                                       (list (uint8 input2_zero))))
                                     (int16 0xffc0)))))))))
                             (uint8x128
                              (llvm.hexagon.V6.vread.128B
                               uint8x128
                               (list
                                (int32 t91-buf)
                                (int32 0)
                                (int32 0)
                                (int32 0))))
                             (int32 0x40404040))))))))))))))))
              (int32x32
               (llvm.hexagon.V6.vmpyowh.rnd.sacc.128B
                int32x32
                (list
                 (int32x32
                  (llvm.hexagon.V6.vmpyewuh.128B
                   int32x32
                   (list
                    (int32x32
                     (llvm.hexagon.V6.lvsplatw.128B
                      int32x32
                      (list (int32 output_multiplier))))
                    (int32x32
                     (llvm.hexagon.V6.lo.128B
                      int32x32
                      (list
                       (int32x64
                        (llvm.hexagon.V6.vmpyhv.128B
                         int32x64
                         (list
                          (int16x64
                           (llvm.hexagon.V6.lo.128B
                            int16x64
                            (list
                             (int16x128
                              (llvm.hexagon.V6.vmpybus.acc.128B
                               int16x128
                               (list
                                (int16x128
                                 (llvm.hexagon.V6.vcombine.128B
                                  int16x128
                                  (list
                                   (int16x64
                                    (halide.ir.x64
                                     int16x64
                                     (list
                                      (int16
                                       (*
                                        (int16
                                         (int16x1
                                          int16
                                          (list (uint8 input1_zero))))
                                        (int16 0xffc0))))))
                                   (int16x64
                                    (halide.ir.x64
                                     int16x64
                                     (list
                                      (int16
                                       (*
                                        (int16
                                         (int16x1
                                          int16
                                          (list (uint8 input1_zero))))
                                        (int16 0xffc0)))))))))
                                (uint8x128
                                 (llvm.hexagon.V6.vread.128B
                                  uint8x128
                                  (list
                                   (int32 t90-buf)
                                   (int32 0)
                                   (int32 0)
                                   (int32 0))))
                                (int32 0x40404040)))))))
                          (int16x64
                           (llvm.hexagon.V6.lo.128B
                            int16x64
                            (list
                             (int16x128
                              (llvm.hexagon.V6.vmpybus.acc.128B
                               int16x128
                               (list
                                (int16x128
                                 (llvm.hexagon.V6.vcombine.128B
                                  int16x128
                                  (list
                                   (int16x64
                                    (halide.ir.x64
                                     int16x64
                                     (list
                                      (int16
                                       (*
                                        (int16
                                         (int16x1
                                          int16
                                          (list (uint8 input2_zero))))
                                        (int16 0xffc0))))))
                                   (int16x64
                                    (halide.ir.x64
                                     int16x64
                                     (list
                                      (int16
                                       (*
                                        (int16
                                         (int16x1
                                          int16
                                          (list (uint8 input2_zero))))
                                        (int16 0xffc0)))))))))
                                (uint8x128
                                 (llvm.hexagon.V6.vread.128B
                                  uint8x128
                                  (list
                                   (int32 t91-buf)
                                   (int32 0)
                                   (int32 0)
                                   (int32 0))))
                                (int32 0x40404040))))))))))))))))
                 (int32x32
                  (llvm.hexagon.V6.lvsplatw.128B
                   int32x32
                   (list (int32 output_multiplier))))
                 (int32x32
                  (llvm.hexagon.V6.lo.128B
                   int32x32
                   (list
                    (int32x64
                     (llvm.hexagon.V6.vmpyhv.128B
                      int32x64
                      (list
                       (int16x64
                        (llvm.hexagon.V6.lo.128B
                         int16x64
                         (list
                          (int16x128
                           (llvm.hexagon.V6.vmpybus.acc.128B
                            int16x128
                            (list
                             (int16x128
                              (llvm.hexagon.V6.vcombine.128B
                               int16x128
                               (list
                                (int16x64
                                 (halide.ir.x64
                                  int16x64
                                  (list
                                   (int16
                                    (*
                                     (int16
                                      (int16x1
                                       int16
                                       (list (uint8 input1_zero))))
                                     (int16 0xffc0))))))
                                (int16x64
                                 (halide.ir.x64
                                  int16x64
                                  (list
                                   (int16
                                    (*
                                     (int16
                                      (int16x1
                                       int16
                                       (list (uint8 input1_zero))))
                                     (int16 0xffc0)))))))))
                             (uint8x128
                              (llvm.hexagon.V6.vread.128B
                               uint8x128
                               (list
                                (int32 t90-buf)
                                (int32 0)
                                (int32 0)
                                (int32 0))))
                             (int32 0x40404040)))))))
                       (int16x64
                        (llvm.hexagon.V6.lo.128B
                         int16x64
                         (list
                          (int16x128
                           (llvm.hexagon.V6.vmpybus.acc.128B
                            int16x128
                            (list
                             (int16x128
                              (llvm.hexagon.V6.vcombine.128B
                               int16x128
                               (list
                                (int16x64
                                 (halide.ir.x64
                                  int16x64
                                  (list
                                   (int16
                                    (*
                                     (int16
                                      (int16x1
                                       int16
                                       (list (uint8 input2_zero))))
                                     (int16 0xffc0))))))
                                (int16x64
                                 (halide.ir.x64
                                  int16x64
                                  (list
                                   (int16
                                    (*
                                     (int16
                                      (int16x1
                                       int16
                                       (list (uint8 input2_zero))))
                                     (int16 0xffc0)))))))))
                             (uint8x128
                              (llvm.hexagon.V6.vread.128B
                               uint8x128
                               (list
                                (int32 t91-buf)
                                (int32 0)
                                (int32 0)
                                (int32 0))))
                             (int32 0x40404040))))))))))))))))
              (int32
               (int32x1
                int32
                (list
                 (int8
                  (int8x1
                   int8
                   (list
                    (uint32
                     (min
                      (uint32 output_shift)
                      (uint32 0x0000000f)))))))))))))))))))))))
