(llvm.hexagon.V6.vminub.128B
 uint8x128
 (list
  (uint8x128
   (llvm.hexagon.V6.vmaxub.128B
    uint8x128
    (list
     (uint8x128
      (llvm.hexagon.V6.vread.128B
       uint8x128
       (list (int32 t1233-buf) (int32 0) (int32 0) (int32 0))))
     (uint8x128
      (llvm.hexagon.V6.vmaxub.128B
       uint8x128
       (list
        (uint8x128
         (llvm.hexagon.V6.vread.128B
          uint8x128
          (list (int32 t1229-buf) (int32 0) (int32 0) (int32 0))))
        (uint8x128
         (llvm.hexagon.V6.vread.128B
          uint8x128
          (list (int32 t1231-buf) (int32 0) (int32 0) (int32 0))))))))))
  (uint8x128
   (llvm.hexagon.V6.vminub.128B
    uint8x128
    (list
     (uint8x128
      (llvm.hexagon.V6.vmaxub.128B
       uint8x128
       (list
        (uint8x128
         (llvm.hexagon.V6.vread.128B
          uint8x128
          (list (int32 t1239-buf) (int32 0) (int32 0) (int32 0))))
        (uint8x128
         (llvm.hexagon.V6.vmaxub.128B
          uint8x128
          (list
           (uint8x128
            (llvm.hexagon.V6.vread.128B
             uint8x128
             (list (int32 t1237-buf) (int32 0) (int32 0) (int32 0))))
           (uint8x128
            (llvm.hexagon.V6.vread.128B
             uint8x128
             (list (int32 t1238-buf) (int32 0) (int32 0) (int32 0))))))))))
     (uint8x128
      (llvm.hexagon.V6.vmaxub.128B
       uint8x128
       (list
        (uint8x128
         (llvm.hexagon.V6.vread.128B
          uint8x128
          (list (int32 t1236-buf) (int32 0) (int32 0) (int32 0))))
        (uint8x128
         (llvm.hexagon.V6.vmaxub.128B
          uint8x128
          (list
           (uint8x128
            (llvm.hexagon.V6.vread.128B
             uint8x128
             (list (int32 t1234-buf) (int32 0) (int32 0) (int32 0))))
           (uint8x128
            (llvm.hexagon.V6.vread.128B
             uint8x128
             (list
              (int32 t1235-buf)
              (int32 0)
              (int32 0)
              (int32 0)))))))))))))))
