(llvm.hexagon.V6.vmaxub.128B
 uint8x128
 (list
  (uint8x128
   (llvm.hexagon.V6.vmaxub.128B
    uint8x128
    (list
     (uint8x128
      (llvm.hexagon.V6.vminub.128B
       uint8x128
       (list
        (uint8x128
         (llvm.hexagon.V6.vread.128B
          uint8x128
          (list (int32 t1216-buf) (int32 0) (int32 0) (int32 0))))
        (uint8x128
         (llvm.hexagon.V6.vminub.128B
          uint8x128
          (list
           (uint8x128
            (llvm.hexagon.V6.vread.128B
             uint8x128
             (list (int32 t1214-buf) (int32 0) (int32 0) (int32 0))))
           (uint8x128
            (llvm.hexagon.V6.vread.128B
             uint8x128
             (list (int32 t1215-buf) (int32 0) (int32 0) (int32 0))))))))))
     (uint8x128
      (llvm.hexagon.V6.vminub.128B
       uint8x128
       (list
        (uint8x128
         (llvm.hexagon.V6.vread.128B
          uint8x128
          (list (int32 t1219-buf) (int32 0) (int32 0) (int32 0))))
        (uint8x128
         (llvm.hexagon.V6.vminub.128B
          uint8x128
          (list
           (uint8x128
            (llvm.hexagon.V6.vread.128B
             uint8x128
             (list (int32 t1217-buf) (int32 0) (int32 0) (int32 0))))
           (uint8x128
            (llvm.hexagon.V6.vread.128B
             uint8x128
             (list (int32 t1218-buf) (int32 0) (int32 0) (int32 0)))))))))))))
  (uint8x128
   (llvm.hexagon.V6.vminub.128B
    uint8x128
    (list
     (uint8x128
      (llvm.hexagon.V6.vread.128B
       uint8x128
       (list (int32 t1213-buf) (int32 0) (int32 0) (int32 0))))
     (uint8x128
      (llvm.hexagon.V6.vminub.128B
       uint8x128
       (list
        (uint8x128
         (llvm.hexagon.V6.vread.128B
          uint8x128
          (list (int32 t1209-buf) (int32 0) (int32 0) (int32 0))))
        (uint8x128
         (llvm.hexagon.V6.vread.128B
          uint8x128
          (list (int32 t1211-buf) (int32 0) (int32 0) (int32 0))))))))))))
