(llvm.hexagon.V6.vmaxub.128B
 uint8x128
 (list
  (uint8x128
   (llvm.hexagon.V6.vminub.128B
    uint8x128
    (list
     (uint8x128
      (llvm.hexagon.V6.vmaxub.128B
       uint8x128
       (list
        (uint8x128
         (llvm.hexagon.V6.vread.128B
          uint8x128
          (list (int32 t1260-buf) (int32 0) (int32 0) (int32 0))))
        (uint8x128
         (llvm.hexagon.V6.vread.128B
          uint8x128
          (list (int32 t1261-buf) (int32 0) (int32 0) (int32 0)))))))
     (uint8x128
      (llvm.hexagon.V6.vmaxub.128B
       uint8x128
       (list
        (uint8x128
         (llvm.hexagon.V6.vminub.128B
          uint8x128
          (list
           (uint8x128
            (llvm.hexagon.V6.vmaxub.128B
             uint8x128
             (list
              (uint8x128
               (llvm.hexagon.V6.vread.128B
                uint8x128
                (list (int32 t1262-buf) (int32 0) (int32 0) (int32 0))))
              (uint8x128
               (llvm.hexagon.V6.vread.128B
                uint8x128
                (list (int32 t1263-buf) (int32 0) (int32 0) (int32 0)))))))
           (uint8x128
            (llvm.hexagon.V6.vmaxub.128B
             uint8x128
             (list
              (uint8x128
               (llvm.hexagon.V6.vminub.128B
                uint8x128
                (list
                 (uint8x128
                  (llvm.hexagon.V6.vread.128B
                   uint8x128
                   (list (int32 t1257-buf) (int32 0) (int32 0) (int32 0))))
                 (uint8x128
                  (llvm.hexagon.V6.vread.128B
                   uint8x128
                   (list (int32 t1259-buf) (int32 0) (int32 0) (int32 0)))))))
              (uint8x128
               (llvm.hexagon.V6.vminub.128B
                uint8x128
                (list
                 (uint8x128
                  (llvm.hexagon.V6.vread.128B
                   uint8x128
                   (list (int32 t1258-buf) (int32 0) (int32 0) (int32 0))))
                 (uint8x128
                  (llvm.hexagon.V6.vmaxub.128B
                   uint8x128
                   (list
                    (uint8x128
                     (llvm.hexagon.V6.vread.128B
                      uint8x128
                      (list (int32 t1257-buf) (int32 0) (int32 0) (int32 0))))
                    (uint8x128
                     (llvm.hexagon.V6.vread.128B
                      uint8x128
                      (list
                       (int32 t1259-buf)
                       (int32 0)
                       (int32 0)
                       (int32 0))))))))))))))))
        (uint8x128
         (llvm.hexagon.V6.vminub.128B
          uint8x128
          (list
           (uint8x128
            (llvm.hexagon.V6.vread.128B
             uint8x128
             (list (int32 t1262-buf) (int32 0) (int32 0) (int32 0))))
           (uint8x128
            (llvm.hexagon.V6.vread.128B
             uint8x128
             (list (int32 t1263-buf) (int32 0) (int32 0) (int32 0)))))))))))))
  (uint8x128
   (llvm.hexagon.V6.vminub.128B
    uint8x128
    (list
     (uint8x128
      (llvm.hexagon.V6.vread.128B
       uint8x128
       (list (int32 t1260-buf) (int32 0) (int32 0) (int32 0))))
     (uint8x128
      (llvm.hexagon.V6.vread.128B
       uint8x128
       (list (int32 t1261-buf) (int32 0) (int32 0) (int32 0)))))))))
