(llvm.hexagon.V6.vmaxub.128B
 uint8x128
 (list
  (uint8x128 (halide.ir.x128 uint8x128 (list (uint8 output_min))))
  (uint8x128
   (llvm.hexagon.V6.vminub.128B
    uint8x128
    (list
     (uint8x128
      (llvm.hexagon.V6.vsathub.128B
       uint8x128
       (list
        (uint16x64
         (llvm.hexagon.V6.vrounduwuh.128B
          uint16x64
          (list
           (uint32x32
            (llvm.hexagon.V6.hi.128B
             uint32x32
             (list
              (uint32x64
               (llvm.hexagon.V6.vmpyuh.128B
                uint32x64
                (list
                 (uint16x64
                  (llvm.hexagon.V6.vpackoh.128B
                   uint16x64
                   (list
                    (uint16x64
                     (llvm.hexagon.V6.vread.128B
                      uint16x64
                      (list (int32 sum) (int32 64) (int32 0) (int32 0))))
                    (uint16x64
                     (llvm.hexagon.V6.vread.128B
                      uint16x64
                      (list (int32 sum) (int32 0) (int32 0) (int32 0)))))))
                 (int32
                  (halide.hexagon.dup2.h int32 (list (uint16 t356))))))))))
           (uint32x32
            (llvm.hexagon.V6.lo.128B
             uint32x32
             (list
              (uint32x64
               (llvm.hexagon.V6.vmpyuh.128B
                uint32x64
                (list
                 (uint16x64
                  (llvm.hexagon.V6.vpackoh.128B
                   uint16x64
                   (list
                    (uint16x64
                     (llvm.hexagon.V6.vread.128B
                      uint16x64
                      (list (int32 sum) (int32 64) (int32 0) (int32 0))))
                    (uint16x64
                     (llvm.hexagon.V6.vread.128B
                      uint16x64
                      (list (int32 sum) (int32 0) (int32 0) (int32 0)))))))
                 (int32
                  (halide.hexagon.dup2.h int32 (list (uint16 t356)))))))))))))
        (uint16x64
         (llvm.hexagon.V6.vrounduwuh.128B
          uint16x64
          (list
           (uint32x32
            (llvm.hexagon.V6.hi.128B
             uint32x32
             (list
              (uint32x64
               (llvm.hexagon.V6.vmpyuh.128B
                uint32x64
                (list
                 (uint16x64
                  (llvm.hexagon.V6.vpackeh.128B
                   uint16x64
                   (list
                    (uint16x64
                     (llvm.hexagon.V6.vread.128B
                      uint16x64
                      (list (int32 sum) (int32 64) (int32 0) (int32 0))))
                    (uint16x64
                     (llvm.hexagon.V6.vread.128B
                      uint16x64
                      (list (int32 sum) (int32 0) (int32 0) (int32 0)))))))
                 (int32
                  (halide.hexagon.dup2.h int32 (list (uint16 t356))))))))))
           (uint32x32
            (llvm.hexagon.V6.lo.128B
             uint32x32
             (list
              (uint32x64
               (llvm.hexagon.V6.vmpyuh.128B
                uint32x64
                (list
                 (uint16x64
                  (llvm.hexagon.V6.vpackeh.128B
                   uint16x64
                   (list
                    (uint16x64
                     (llvm.hexagon.V6.vread.128B
                      uint16x64
                      (list (int32 sum) (int32 64) (int32 0) (int32 0))))
                    (uint16x64
                     (llvm.hexagon.V6.vread.128B
                      uint16x64
                      (list (int32 sum) (int32 0) (int32 0) (int32 0)))))))
                 (int32
                  (halide.hexagon.dup2.h
                   int32
                   (list (uint16 t356))))))))))))))))
     (uint8x128 (halide.ir.x128 uint8x128 (list (uint8 output_max)))))))))
