(llvm.hexagon.V6.vmpyub.acc.128B
 uint16x128
 (list
  (uint16x128
   (llvm.hexagon.V6.vreadp.128B
    uint16x128
    (list (int32 sum) (int32 0) (int32 0) (int32 0))))
  (uint8x128
   (llvm.hexagon.V6.vshuffb.128B
    uint8x128
    (list
     (uint8x128
      (llvm.hexagon.V6.vread.128B
       uint8x128
       (list
        (int32 input)
        (int32 (+ (* (+ sum.s1.r12$x.rebased t355) input.stride.1) t362))
        (int32 1)
        (int32 0)))))))
  (int32 0x01010101)))
