(halide.concat_vectors
 uint16x128
 (list
  (uint16x64
   #(struct:vlsr
     #(struct:vshuffo-n
       #(struct:hi
         #(struct:vmpy
           #(struct:vadd
             #(struct:lo
               #(struct:vadd
                 #(struct:vreadp
                   #(struct:buffer input uint16)
                   (+
                    -254
                    (+
                     (+ (ite (<= t114 256) t114 256) (* 128 blur_x.s0.x.x))
                     (*
                      t124
                      (+
                       blur_y.s0.y.yi.$n.rebased
                       (ite
                        (<= (* 128 blur_y.s0.y.y) (+ -128 t117))
                        (* 128 blur_y.s0.y.y)
                        (+ -128 t117))))))
                   #(struct:aligned 1 0))
                 #(struct:vreadp
                   #(struct:buffer input uint16)
                   (+
                    -256
                    (+
                     (+ (ite (<= t114 256) t114 256) (* 128 blur_x.s0.x.x))
                     (*
                      t124
                      (+
                       blur_y.s0.y.yi.$n.rebased
                       (ite
                        (<= (* 128 blur_y.s0.y.y) (+ -128 t117))
                        (* 128 blur_y.s0.y.y)
                        (+ -128 t117))))))
                   #(struct:aligned 1 0))
                 #f))
             #(struct:vread
               #(struct:buffer input uint16)
               (+
                -255
                (+
                 (+ (ite (<= t114 256) t114 256) (* 128 blur_x.s0.x.x))
                 (*
                  t124
                  (+
                   blur_y.s0.y.yi.$n.rebased
                   (ite
                    (<= (* 128 blur_y.s0.y.y) (+ -128 t117))
                    (* 128 blur_y.s0.y.y)
                    (+ -128 t117))))))
               #(struct:aligned 1 0))
             #f)
           #(struct:uint16_t (bv 43691 16))))
       #(struct:lo
         #(struct:vmpy
           #(struct:vadd
             #(struct:lo
               #(struct:vadd
                 #(struct:vreadp
                   #(struct:buffer input uint16)
                   (+
                    -254
                    (+
                     (+ (ite (<= t114 256) t114 256) (* 128 blur_x.s0.x.x))
                     (*
                      t124
                      (+
                       blur_y.s0.y.yi.$n.rebased
                       (ite
                        (<= (* 128 blur_y.s0.y.y) (+ -128 t117))
                        (* 128 blur_y.s0.y.y)
                        (+ -128 t117))))))
                   #(struct:aligned 1 0))
                 #(struct:vreadp
                   #(struct:buffer input uint16)
                   (+
                    -256
                    (+
                     (+ (ite (<= t114 256) t114 256) (* 128 blur_x.s0.x.x))
                     (*
                      t124
                      (+
                       blur_y.s0.y.yi.$n.rebased
                       (ite
                        (<= (* 128 blur_y.s0.y.y) (+ -128 t117))
                        (* 128 blur_y.s0.y.y)
                        (+ -128 t117))))))
                   #(struct:aligned 1 0))
                 #f))
             #(struct:vread
               #(struct:buffer input uint16)
               (+
                -255
                (+
                 (+ (ite (<= t114 256) t114 256) (* 128 blur_x.s0.x.x))
                 (*
                  t124
                  (+
                   blur_y.s0.y.yi.$n.rebased
                   (ite
                    (<= (* 128 blur_y.s0.y.y) (+ -128 t117))
                    (* 128 blur_y.s0.y.y)
                    (+ -128 t117))))))
               #(struct:aligned 1 0))
             #f)
           #(struct:uint16_t (bv 43691 16))))
       #f)
     #(struct:int8_t (bv 1 8))))
  (uint16x64
   #(struct:vlsr
     #(struct:vshuffo-n
       #(struct:hi
         #(struct:vmpy
           #(struct:vadd
             #(struct:hi
               #(struct:vadd
                 #(struct:vreadp
                   #(struct:buffer input uint16)
                   (+
                    -254
                    (+
                     (+ (ite (<= t114 256) t114 256) (* 128 blur_x.s0.x.x))
                     (*
                      t124
                      (+
                       blur_y.s0.y.yi.$n.rebased
                       (ite
                        (<= (* 128 blur_y.s0.y.y) (+ -128 t117))
                        (* 128 blur_y.s0.y.y)
                        (+ -128 t117))))))
                   #(struct:aligned 1 0))
                 #(struct:vreadp
                   #(struct:buffer input uint16)
                   (+
                    -256
                    (+
                     (+ (ite (<= t114 256) t114 256) (* 128 blur_x.s0.x.x))
                     (*
                      t124
                      (+
                       blur_y.s0.y.yi.$n.rebased
                       (ite
                        (<= (* 128 blur_y.s0.y.y) (+ -128 t117))
                        (* 128 blur_y.s0.y.y)
                        (+ -128 t117))))))
                   #(struct:aligned 1 0))
                 #f))
             #(struct:vread
               #(struct:buffer input uint16)
               (+
                -191
                (+
                 (+ (ite (<= t114 256) t114 256) (* 128 blur_x.s0.x.x))
                 (*
                  t124
                  (+
                   blur_y.s0.y.yi.$n.rebased
                   (ite
                    (<= (* 128 blur_y.s0.y.y) (+ -128 t117))
                    (* 128 blur_y.s0.y.y)
                    (+ -128 t117))))))
               #(struct:aligned 1 0))
             #f)
           #(struct:uint16_t (bv 43691 16))))
       #(struct:lo
         #(struct:vmpy
           #(struct:vadd
             #(struct:hi
               #(struct:vadd
                 #(struct:vreadp
                   #(struct:buffer input uint16)
                   (+
                    -254
                    (+
                     (+ (ite (<= t114 256) t114 256) (* 128 blur_x.s0.x.x))
                     (*
                      t124
                      (+
                       blur_y.s0.y.yi.$n.rebased
                       (ite
                        (<= (* 128 blur_y.s0.y.y) (+ -128 t117))
                        (* 128 blur_y.s0.y.y)
                        (+ -128 t117))))))
                   #(struct:aligned 1 0))
                 #(struct:vreadp
                   #(struct:buffer input uint16)
                   (+
                    -256
                    (+
                     (+ (ite (<= t114 256) t114 256) (* 128 blur_x.s0.x.x))
                     (*
                      t124
                      (+
                       blur_y.s0.y.yi.$n.rebased
                       (ite
                        (<= (* 128 blur_y.s0.y.y) (+ -128 t117))
                        (* 128 blur_y.s0.y.y)
                        (+ -128 t117))))))
                   #(struct:aligned 1 0))
                 #f))
             #(struct:vread
               #(struct:buffer input uint16)
               (+
                -191
                (+
                 (+ (ite (<= t114 256) t114 256) (* 128 blur_x.s0.x.x))
                 (*
                  t124
                  (+
                   blur_y.s0.y.yi.$n.rebased
                   (ite
                    (<= (* 128 blur_y.s0.y.y) (+ -128 t117))
                    (* 128 blur_y.s0.y.y)
                    (+ -128 t117))))))
               #(struct:aligned 1 0))
             #f)
           #(struct:uint16_t (bv 43691 16))))
       #f)
     #(struct:int8_t (bv 1 8))))))
