(halide.concat_vectors
 uint16x256
 (list
  (uint16x64
   #(struct:vlsr
     #(struct:vshuffo-n
       #(struct:hi
         #(struct:vmpy
           #(struct:vadd
             #(struct:lo
               #(struct:vadd
                 #(struct:vreadp
                   #(struct:buffer blur_x uint16)
                   (+
                    256
                    (+
                     t139
                     (+
                      (* 256 blur_y.s0.x.x)
                      (- (ite (<= t114 256) t114 256)))))
                   #(struct:aligned 1 0))
                 #(struct:vreadp
                   #(struct:buffer blur_x uint16)
                   (+
                    256
                    (+
                     t138
                     (+
                      (* 256 blur_y.s0.x.x)
                      (- (ite (<= t114 256) t114 256)))))
                   #(struct:aligned 1 0))
                 #f))
             #(struct:vread
               #(struct:buffer blur_x uint16)
               (+
                256
                (+
                 t137
                 (+ (* 256 blur_y.s0.x.x) (- (ite (<= t114 256) t114 256)))))
               #(struct:aligned 1 0))
             #f)
           #(struct:uint16_t (bv 43691 16))))
       #(struct:lo
         #(struct:vmpy
           #(struct:vadd
             #(struct:lo
               #(struct:vadd
                 #(struct:vreadp
                   #(struct:buffer blur_x uint16)
                   (+
                    256
                    (+
                     t139
                     (+
                      (* 256 blur_y.s0.x.x)
                      (- (ite (<= t114 256) t114 256)))))
                   #(struct:aligned 1 0))
                 #(struct:vreadp
                   #(struct:buffer blur_x uint16)
                   (+
                    256
                    (+
                     t138
                     (+
                      (* 256 blur_y.s0.x.x)
                      (- (ite (<= t114 256) t114 256)))))
                   #(struct:aligned 1 0))
                 #f))
             #(struct:vread
               #(struct:buffer blur_x uint16)
               (+
                256
                (+
                 t137
                 (+ (* 256 blur_y.s0.x.x) (- (ite (<= t114 256) t114 256)))))
               #(struct:aligned 1 0))
             #f)
           #(struct:uint16_t (bv 43691 16))))
       #f)
     #(struct:int8_t (bv 1 8))))
  (uint16x64
   #(struct:vlsr
     #(struct:vshuffo-n
       #(struct:hi
         #(struct:vmpy
           #(struct:vadd
             #(struct:hi
               #(struct:vadd
                 #(struct:vreadp
                   #(struct:buffer blur_x uint16)
                   (+
                    256
                    (+
                     t139
                     (+
                      (* 256 blur_y.s0.x.x)
                      (- (ite (<= t114 256) t114 256)))))
                   #(struct:aligned 1 0))
                 #(struct:vreadp
                   #(struct:buffer blur_x uint16)
                   (+
                    256
                    (+
                     t138
                     (+
                      (* 256 blur_y.s0.x.x)
                      (- (ite (<= t114 256) t114 256)))))
                   #(struct:aligned 1 0))
                 #f))
             #(struct:vread
               #(struct:buffer blur_x uint16)
               (+
                320
                (+
                 t137
                 (+ (* 256 blur_y.s0.x.x) (- (ite (<= t114 256) t114 256)))))
               #(struct:aligned 1 0))
             #f)
           #(struct:uint16_t (bv 43691 16))))
       #(struct:lo
         #(struct:vmpy
           #(struct:vadd
             #(struct:hi
               #(struct:vadd
                 #(struct:vreadp
                   #(struct:buffer blur_x uint16)
                   (+
                    256
                    (+
                     t139
                     (+
                      (* 256 blur_y.s0.x.x)
                      (- (ite (<= t114 256) t114 256)))))
                   #(struct:aligned 1 0))
                 #(struct:vreadp
                   #(struct:buffer blur_x uint16)
                   (+
                    256
                    (+
                     t138
                     (+
                      (* 256 blur_y.s0.x.x)
                      (- (ite (<= t114 256) t114 256)))))
                   #(struct:aligned 1 0))
                 #f))
             #(struct:vread
               #(struct:buffer blur_x uint16)
               (+
                320
                (+
                 t137
                 (+ (* 256 blur_y.s0.x.x) (- (ite (<= t114 256) t114 256)))))
               #(struct:aligned 1 0))
             #f)
           #(struct:uint16_t (bv 43691 16))))
       #f)
     #(struct:int8_t (bv 1 8))))
  (uint16x64
   #(struct:vlsr
     #(struct:vshuffo-n
       #(struct:hi
         #(struct:vmpy
           #(struct:vadd
             #(struct:lo
               #(struct:vadd
                 #(struct:vreadp
                   #(struct:buffer blur_x uint16)
                   (+
                    384
                    (+
                     t139
                     (+
                      (* 256 blur_y.s0.x.x)
                      (- (ite (<= t114 256) t114 256)))))
                   #(struct:aligned 1 0))
                 #(struct:vreadp
                   #(struct:buffer blur_x uint16)
                   (+
                    384
                    (+
                     t138
                     (+
                      (* 256 blur_y.s0.x.x)
                      (- (ite (<= t114 256) t114 256)))))
                   #(struct:aligned 1 0))
                 #f))
             #(struct:vread
               #(struct:buffer blur_x uint16)
               (+
                384
                (+
                 t137
                 (+ (* 256 blur_y.s0.x.x) (- (ite (<= t114 256) t114 256)))))
               #(struct:aligned 1 0))
             #f)
           #(struct:uint16_t (bv 43691 16))))
       #(struct:lo
         #(struct:vmpy
           #(struct:vadd
             #(struct:lo
               #(struct:vadd
                 #(struct:vreadp
                   #(struct:buffer blur_x uint16)
                   (+
                    384
                    (+
                     t139
                     (+
                      (* 256 blur_y.s0.x.x)
                      (- (ite (<= t114 256) t114 256)))))
                   #(struct:aligned 1 0))
                 #(struct:vreadp
                   #(struct:buffer blur_x uint16)
                   (+
                    384
                    (+
                     t138
                     (+
                      (* 256 blur_y.s0.x.x)
                      (- (ite (<= t114 256) t114 256)))))
                   #(struct:aligned 1 0))
                 #f))
             #(struct:vread
               #(struct:buffer blur_x uint16)
               (+
                384
                (+
                 t137
                 (+ (* 256 blur_y.s0.x.x) (- (ite (<= t114 256) t114 256)))))
               #(struct:aligned 1 0))
             #f)
           #(struct:uint16_t (bv 43691 16))))
       #f)
     #(struct:int8_t (bv 1 8))))
  (uint16x64
   #(struct:vlsr
     #(struct:vshuffo-n
       #(struct:hi
         #(struct:vmpy
           #(struct:vadd
             #(struct:hi
               #(struct:vadd
                 #(struct:vreadp
                   #(struct:buffer blur_x uint16)
                   (+
                    384
                    (+
                     t139
                     (+
                      (* 256 blur_y.s0.x.x)
                      (- (ite (<= t114 256) t114 256)))))
                   #(struct:aligned 1 0))
                 #(struct:vreadp
                   #(struct:buffer blur_x uint16)
                   (+
                    384
                    (+
                     t138
                     (+
                      (* 256 blur_y.s0.x.x)
                      (- (ite (<= t114 256) t114 256)))))
                   #(struct:aligned 1 0))
                 #f))
             #(struct:vread
               #(struct:buffer blur_x uint16)
               (+
                448
                (+
                 t137
                 (+ (* 256 blur_y.s0.x.x) (- (ite (<= t114 256) t114 256)))))
               #(struct:aligned 1 0))
             #f)
           #(struct:uint16_t (bv 43691 16))))
       #(struct:lo
         #(struct:vmpy
           #(struct:vadd
             #(struct:hi
               #(struct:vadd
                 #(struct:vreadp
                   #(struct:buffer blur_x uint16)
                   (+
                    384
                    (+
                     t139
                     (+
                      (* 256 blur_y.s0.x.x)
                      (- (ite (<= t114 256) t114 256)))))
                   #(struct:aligned 1 0))
                 #(struct:vreadp
                   #(struct:buffer blur_x uint16)
                   (+
                    384
                    (+
                     t138
                     (+
                      (* 256 blur_y.s0.x.x)
                      (- (ite (<= t114 256) t114 256)))))
                   #(struct:aligned 1 0))
                 #f))
             #(struct:vread
               #(struct:buffer blur_x uint16)
               (+
                448
                (+
                 t137
                 (+ (* 256 blur_y.s0.x.x) (- (ite (<= t114 256) t114 256)))))
               #(struct:aligned 1 0))
             #f)
           #(struct:uint16_t (bv 43691 16))))
       #f)
     #(struct:int8_t (bv 1 8))))))
