(llvm.hexagon.V6.vmaxh.128B
 int16x64
 (list
  (int16x64
   (llvm.hexagon.V6.vminh.128B
    int16x64
    (list
     (int16x64 (halide.ir.x64 int16x64 (list (int16 0x00ff))))
     (int16x64
      (llvm.hexagon.V6.vaddhsat.128B
       int16x64
       (list
        (int16x64 (halide.ir.x64 int16x64 (list (int16 t1659))))
        (int16x64
         (llvm.hexagon.V6.vpackwh.sat.128B
          int16x64
          (list
           (int32x32
            (halide.ir.rounding_shift_right
             int32x32
             (list
              (int32x32
               (llvm.hexagon.V6.vmpyowh.rnd.sacc.128B
                int32x32
                (list
                 (int32x32
                  (llvm.hexagon.V6.vmpyewuh.128B
                   int32x32
                   (list
                    (int32x32
                     (llvm.hexagon.V6.vread.128B
                      int32x32
                      (list
                       (int32 convolved)
                       (int32 160)
                       (int32 0)
                       (int32 128))))
                    (int32x32
                     (llvm.hexagon.V6.lvsplatw.128B
                      int32x32
                      (list (int32 output_multiplier)))))))
                 (int32x32
                  (llvm.hexagon.V6.vread.128B
                   int32x32
                   (list (int32 convolved) (int32 160) (int32 0) (int32 128))))
                 (int32x32
                  (llvm.hexagon.V6.lvsplatw.128B
                   int32x32
                   (list (int32 output_multiplier)))))))
              (int32x32
               (llvm.hexagon.V6.lvsplatw.128B
                int32x32
                (list (int32 output_shift)))))))
           (int32x32
            (halide.ir.rounding_shift_right
             int32x32
             (list
              (int32x32
               (llvm.hexagon.V6.vmpyowh.rnd.sacc.128B
                int32x32
                (list
                 (int32x32
                  (llvm.hexagon.V6.vmpyewuh.128B
                   int32x32
                   (list
                    (int32x32
                     (llvm.hexagon.V6.vread.128B
                      int32x32
                      (list
                       (int32 convolved)
                       (int32 128)
                       (int32 0)
                       (int32 128))))
                    (int32x32
                     (llvm.hexagon.V6.lvsplatw.128B
                      int32x32
                      (list (int32 output_multiplier)))))))
                 (int32x32
                  (llvm.hexagon.V6.vread.128B
                   int32x32
                   (list (int32 convolved) (int32 128) (int32 0) (int32 128))))
                 (int32x32
                  (llvm.hexagon.V6.lvsplatw.128B
                   int32x32
                   (list (int32 output_multiplier)))))))
              (int32x32
               (llvm.hexagon.V6.lvsplatw.128B
                int32x32
                (list (int32 output_shift))))))))))))))))
  (int16x64 (halide.ir.x64 int16x64 (list (int16 0x0000))))))
