(llvm.hexagon.V6.vsubw.128B
 int32x32
 (list
  (int32x32
   (llvm.hexagon.V6.vread.128B
    int32x32
    (list
     (int32 offset_c)
     (int32 (* output.s0.c.co 32))
     (int32 32)
     (int32 0))))
  (int32x32
   (llvm.hexagon.V6.lvsplatw.128B
    int32x32
    (list
     (int32
      (*
       (int32 (halide.load.scalar int32 (list (int32 sum_input) (int32 1))))
       (int32 t1749))))))))
