(llvm.hexagon.V6.vmaxub.128B
 uint8x128
 (list
  (uint8x128
   (llvm.hexagon.V6.vminub.128B
    uint8x128
    (list
     (uint8x128
      (llvm.hexagon.V6.vpackhub.sat.128B
       uint8x128
       (list
        (int16x64
         (llvm.hexagon.V6.vaddhsat.128B
          int16x64
          (list
           (int16x64 (halide.ir.x64 int16x64 (list (int16 t1481))))
           (int16x64
            (llvm.hexagon.V6.vpackwh.sat.128B
             int16x64
             (list
              (int32x32
               (halide.ir.rounding_shift_right
                int32x32
                (list
                 (int32x32
                  (llvm.hexagon.V6.vmpyowh.rnd.sacc.128B
                   int32x32
                   (list
                    (int32x32
                     (llvm.hexagon.V6.vmpyewuh.128B
                      int32x32
                      (list
                       (int32x32
                        (llvm.hexagon.V6.vread.128B
                         int32x32
                         (list
                          (int32 convolved)
                          (int32 736)
                          (int32 0)
                          (int32 640))))
                       (int32x32
                        (llvm.hexagon.V6.lvsplatw.128B
                         int32x32
                         (list (int32 output_multiplier)))))))
                    (int32x32
                     (llvm.hexagon.V6.vread.128B
                      int32x32
                      (list
                       (int32 convolved)
                       (int32 736)
                       (int32 0)
                       (int32 640))))
                    (int32x32
                     (llvm.hexagon.V6.lvsplatw.128B
                      int32x32
                      (list (int32 output_multiplier)))))))
                 (int32x32
                  (llvm.hexagon.V6.lvsplatw.128B
                   int32x32
                   (list (int32 output_shift)))))))
              (int32x32
               (halide.ir.rounding_shift_right
                int32x32
                (list
                 (int32x32
                  (llvm.hexagon.V6.vmpyowh.rnd.sacc.128B
                   int32x32
                   (list
                    (int32x32
                     (llvm.hexagon.V6.vmpyewuh.128B
                      int32x32
                      (list
                       (int32x32
                        (llvm.hexagon.V6.vread.128B
                         int32x32
                         (list
                          (int32 convolved)
                          (int32 704)
                          (int32 0)
                          (int32 640))))
                       (int32x32
                        (llvm.hexagon.V6.lvsplatw.128B
                         int32x32
                         (list (int32 output_multiplier)))))))
                    (int32x32
                     (llvm.hexagon.V6.vread.128B
                      int32x32
                      (list
                       (int32 convolved)
                       (int32 704)
                       (int32 0)
                       (int32 640))))
                    (int32x32
                     (llvm.hexagon.V6.lvsplatw.128B
                      int32x32
                      (list (int32 output_multiplier)))))))
                 (int32x32
                  (llvm.hexagon.V6.lvsplatw.128B
                   int32x32
                   (list (int32 output_shift)))))))))))))
        (int16x64
         (llvm.hexagon.V6.vaddhsat.128B
          int16x64
          (list
           (int16x64 (halide.ir.x64 int16x64 (list (int16 t1481))))
           (int16x64
            (llvm.hexagon.V6.vpackwh.sat.128B
             int16x64
             (list
              (int32x32
               (halide.ir.rounding_shift_right
                int32x32
                (list
                 (int32x32
                  (llvm.hexagon.V6.vmpyowh.rnd.sacc.128B
                   int32x32
                   (list
                    (int32x32
                     (llvm.hexagon.V6.vmpyewuh.128B
                      int32x32
                      (list
                       (int32x32
                        (llvm.hexagon.V6.vread.128B
                         int32x32
                         (list
                          (int32 convolved)
                          (int32 672)
                          (int32 0)
                          (int32 640))))
                       (int32x32
                        (llvm.hexagon.V6.lvsplatw.128B
                         int32x32
                         (list (int32 output_multiplier)))))))
                    (int32x32
                     (llvm.hexagon.V6.vread.128B
                      int32x32
                      (list
                       (int32 convolved)
                       (int32 672)
                       (int32 0)
                       (int32 640))))
                    (int32x32
                     (llvm.hexagon.V6.lvsplatw.128B
                      int32x32
                      (list (int32 output_multiplier)))))))
                 (int32x32
                  (llvm.hexagon.V6.lvsplatw.128B
                   int32x32
                   (list (int32 output_shift)))))))
              (int32x32
               (halide.ir.rounding_shift_right
                int32x32
                (list
                 (int32x32
                  (llvm.hexagon.V6.vmpyowh.rnd.sacc.128B
                   int32x32
                   (list
                    (int32x32
                     (llvm.hexagon.V6.vmpyewuh.128B
                      int32x32
                      (list
                       (int32x32
                        (llvm.hexagon.V6.vread.128B
                         int32x32
                         (list
                          (int32 convolved)
                          (int32 640)
                          (int32 0)
                          (int32 640))))
                       (int32x32
                        (llvm.hexagon.V6.lvsplatw.128B
                         int32x32
                         (list (int32 output_multiplier)))))))
                    (int32x32
                     (llvm.hexagon.V6.vread.128B
                      int32x32
                      (list
                       (int32 convolved)
                       (int32 640)
                       (int32 0)
                       (int32 640))))
                    (int32x32
                     (llvm.hexagon.V6.lvsplatw.128B
                      int32x32
                      (list (int32 output_multiplier)))))))
                 (int32x32
                  (llvm.hexagon.V6.lvsplatw.128B
                   int32x32
                   (list (int32 output_shift))))))))))))))))
     (uint8x128 (halide.ir.x128 uint8x128 (list (uint8 output_max)))))))
  (uint8x128 (halide.ir.x128 uint8x128 (list (uint8 output_min))))))
