'(("The Shawshank Redemption") ("The Godfather") ("The Godfather: Part II") ("Pulp Fiction") ("The Good, the Bad and the Ugly") ("The Dark Knight") ("12 Angry Men") ("Schindler's List") ("The Lord of the Rings: The Return of the King") ("Fight Club") ("Star Wars: Episode V - The Empire Strikes Back") ("The Lord of the Rings: The Fellowship of the Ring") ("One Flew Over the Cuckoo's Nest") ("Inception") ("Goodfellas") ("Star Wars") ("Seven Samurai") ("Forrest Gump") ("The Matrix") ("The Lord of the Rings: The Two Towers") ("City of God") ("Se7en") ("The Silence of the Lambs") ("Once Upon a Time in the West") ("Casablanca") ("The Usual Suspects") ("Raiders of the Lost Ark") ("Rear Window") ("It's a Wonderful Life") ("Psycho") ("L?on: The Professional") ("Sunset Blvd.") ("American History X") ("Apocalypse Now") ("Terminator 2: Judgment Day") ("Memento") ("Saving Private Ryan") ("City Lights") ("Dr. Strangelove or: How I Learned to Stop Worrying and Love the Bomb") ("Alien") ("Modern Times") ("Spirited Away") ("North by Northwest") ("Back to the Future") ("Life Is Beautiful") ("Citizen Kane") ("The Shining") ("The Pianist") ("The Departed") ("M") ("Vertigo") ("Paths of Glory") ("Django Unchained") ("The Dark Knight Rises") ("Taxi Driver") ("American Beauty") ("Aliens") ("Double Indemnity") ("The Intouchables") ("Gladiator") ("The Green Mile") ("WALL?E") ("Toy Story 3") ("The Lives of Others") ("The Great Dictator") ("A Clockwork Orange") ("The Prestige") ("Am?lie") ("Lawrence of Arabia") ("To Kill a Mockingbird") ("Reservoir Dogs") ("Das Boot") ("Cinema Paradiso") ("The Lion King") ("The Treasure of the Sierra Madre") ("The Third Man") ("Star Wars: Episode VI - Return of the Jedi") ("Requiem for a Dream") ("Once Upon a Time in America") ("Eternal Sunshine of the Spotless Mind") ("Full Metal Jacket") ("Braveheart") ("Oldboy") ("L.A. Confidential") ("Singin' in the Rain") ("Chinatown") ("Bicycle Thieves") ("Monty Python and the Holy Grail") ("Metropolis") ("Rashomon") ("Some Like It Hot") ("Princess Mononoke") ("Amadeus") ("2001: A Space Odyssey") ("All About Eve") ("The Sting") ("The Apartment") ("Unforgiven") ("Indiana Jones and the Last Crusade") ("Witness for the Prosecution") ("Grave of the Fireflies") ("Raging Bull") ("The Bridge on the River Kwai") ("Die Hard") ("Batman Begins") ("A Separation") ("Yojimbo") ("Inglourious Basterds") ("Snatch.") ("For a Few Dollars More") ("Toy Story") ("The Great Escape") ("Mr. Smith Goes to Washington") ("Up") ("Downfall") ("Pan's Labyrinth") ("On the Waterfront") ("The General") ("The Seventh Seal") ("Heat") ("The Elephant Man") ("The Maltese Falcon") ("The Kid") ("Blade Runner") ("Scarface") ("Rebecca") ("Wild Strawberries") ("Gran Torino") ("Fargo") ("Ran") ("Ikiru") ("The Big Lebowski") ("Touch of Evil") ("The Gold Rush") ("The Deer Hunter") ("Cool Hand Luke") ("It Happened One Night") ("Lock, Stock and Two Smoking Barrels") ("No Country for Old Men") ("Diabolique") ("Casino") ("Good Will Hunting") ("The Sixth Sense") ("Platoon") ("Sin City") ("Strangers on a Train") ("The Thing") ("Jaws") ("Trainspotting") ("Butch Cassidy and the Sundance Kid") ("The Wizard of Oz") ("Kill Bill: Vol. 1") ("Warrior") ("The Secret in Their Eyes") ("High Noon") ("Hotel Rwanda") ("The Grapes of Wrath") ("Gone with the Wind") ("Annie Hall") ("My Neighbor Totoro") ("The Avengers") ("V for Vendetta") ("Finding Nemo") ("Dial M for Murder") ("Notorious") ("Into the Wild") ("How to Train Your Dragon") ("Life of Brian") ("The Night of the Hunter") ("There Will Be Blood") ("Network") ("The Terminator") ("Ben-Hur") ("Million Dollar Baby") ("The Big Sleep") ("The Hunt") ("The King's Speech") ("Stand by Me") ("The Best Years of Our Lives") ("The 400 Blows") ("Groundhog Day") ("Twelve Monkeys") ("Dog Day Afternoon") ("Mary and Max") ("Donnie Darko") ("Howl's Moving Castle") ("Amores Perros") ("Persona") ("The Bourne Ultimatum") ("Gandhi") ("The Killing") ("A Beautiful Mind") ("Black Swan") ("The Graduate") ("The Princess Bride") ("8?") ("Who's Afraid of Virginia Woolf?") ("The Hustler") ("La Strada") ("Rocky") ("Star Trek Into Darkness") ("Slumdog Millionaire") ("Anatomy of a Murder") ("The Man Who Shot Liberty Valance") ("Rope") ("The Manchurian Candidate") ("The Exorcist") ("The Wild Bunch") ("Barry Lyndon") ("In the Name of the Father") ("Stalag 17") ("Monsters, Inc.") ("Life of Pi") ("Fanny and Alexander") ("Infernal Affairs") ("Roman Holiday") ("The Truman Show") ("Pirates of the Caribbean: The Curse of the Black Pearl") ("Memories of Murder") ("Sleuth") ("Stalker") ("Like Stars on Earth") ("The Hobbit: An Unexpected Journey") ("3 Idiots") ("Harry Potter and the Deathly Hallows: Part 2") ("A Fistful of Dollars") ("Jurassic Park") ("Star Trek") ("Ip Man") ("The Artist") ("Incendies") ("District 9") ("Ratatouille") ("A Streetcar Named Desire") ("Shutter Island") ("La Haine") ("The Diving Bell and the Butterfly") ("Rain Man") ("All Quiet on the Western Front") ("Beauty and the Beast") ("Nausica? of the Valley of the Wind") ("Rosemary's Baby") ("Harvey") ("Papillon") ("Mystic River") ("Before Sunrise") ("Spring, Summer, Fall, Winter... and Spring") ("In the Mood for Love") ("The Celebration") ("The Untouchables"))
