(the-profiled-thunk (bar (foo (=) (raise-argument-error) (@add1))))